  Determining projects to restore...
  All projects are up-to-date for restore.
C:\Users\antep\devops-projekt\bugMachine\src\BugMachine.Current\AsyncAwaitBug.cs(11,31): warning CS1998: This async method lacks 'await' operators and will run synchronously. Consider using the 'await' operator to await non-blocking API calls, or 'await Task.Run(...)' to do CPU-bound work on a background thread. [C:\Users\antep\devops-projekt\bugMachine\src\BugMachine.Current\BugMachine.Current.csproj]
C:\Users\antep\devops-projekt\bugMachine\src\BugMachine.Current\AsyncAwaitBug.cs(19,37): warning CS1998: This async method lacks 'await' operators and will run synchronously. Consider using the 'await' operator to await non-blocking API calls, or 'await Task.Run(...)' to do CPU-bound work on a background thread. [C:\Users\antep\devops-projekt\bugMachine\src\BugMachine.Current\BugMachine.Current.csproj]
C:\Users\antep\devops-projekt\bugMachine\src\BugMachine.Current\NullReferenceBug.cs(13,16): warning CS8602: Dereference of a possibly null reference. [C:\Users\antep\devops-projekt\bugMachine\src\BugMachine.Current\BugMachine.Current.csproj]
C:\Users\antep\devops-projekt\bugMachine\src\BugMachine.Current\NullReferenceBug.cs(20,16): warning CS8602: Dereference of a possibly null reference. [C:\Users\antep\devops-projekt\bugMachine\src\BugMachine.Current\BugMachine.Current.csproj]
  BugMachine.Current -> C:\Users\antep\devops-projekt\bugMachine\src\BugMachine.Current\bin\Debug\net8.0\BugMachine.Current.dll
C:\Users\antep\devops-projekt\bugMachine\src\BugMachine.Tests\BubbleSortTests.cs(6,6): error CS0246: The type or namespace name 'FactAttribute' could not be found (are you missing a using directive or an assembly reference?) [C:\Users\antep\devops-projekt\bugMachine\src\BugMachine.Tests\BugMachine.Tests.csproj]
C:\Users\antep\devops-projekt\bugMachine\src\BugMachine.Tests\BubbleSortTests.cs(6,6): error CS0246: The type or namespace name 'Fact' could not be found (are you missing a using directive or an assembly reference?) [C:\Users\antep\devops-projekt\bugMachine\src\BugMachine.Tests\BugMachine.Tests.csproj]
C:\Users\antep\devops-projekt\bugMachine\src\BugMachine.Tests\BubbleSortTests.cs(14,6): error CS0246: The type or namespace name 'FactAttribute' could not be found (are you missing a using directive or an assembly reference?) [C:\Users\antep\devops-projekt\bugMachine\src\BugMachine.Tests\BugMachine.Tests.csproj]
C:\Users\antep\devops-projekt\bugMachine\src\BugMachine.Tests\BubbleSortTests.cs(14,6): error CS0246: The type or namespace name 'Fact' could not be found (are you missing a using directive or an assembly reference?) [C:\Users\antep\devops-projekt\bugMachine\src\BugMachine.Tests\BugMachine.Tests.csproj]
C:\Users\antep\devops-projekt\bugMachine\src\BugMachine.Tests\AsyncAwaitBugTests.cs(6,6): error CS0246: The type or namespace name 'FactAttribute' could not be found (are you missing a using directive or an assembly reference?) [C:\Users\antep\devops-projekt\bugMachine\src\BugMachine.Tests\BugMachine.Tests.csproj]
C:\Users\antep\devops-projekt\bugMachine\src\BugMachine.Tests\AsyncAwaitBugTests.cs(6,6): error CS0246: The type or namespace name 'Fact' could not be found (are you missing a using directive or an assembly reference?) [C:\Users\antep\devops-projekt\bugMachine\src\BugMachine.Tests\BugMachine.Tests.csproj]
C:\Users\antep\devops-projekt\bugMachine\src\BugMachine.Tests\AsyncAwaitBugTests.cs(16,6): error CS0246: The type or namespace name 'FactAttribute' could not be found (are you missing a using directive or an assembly reference?) [C:\Users\antep\devops-projekt\bugMachine\src\BugMachine.Tests\BugMachine.Tests.csproj]
C:\Users\antep\devops-projekt\bugMachine\src\BugMachine.Tests\AsyncAwaitBugTests.cs(16,6): error CS0246: The type or namespace name 'Fact' could not be found (are you missing a using directive or an assembly reference?) [C:\Users\antep\devops-projekt\bugMachine\src\BugMachine.Tests\BugMachine.Tests.csproj]
C:\Users\antep\devops-projekt\bugMachine\src\BugMachine.Tests\DictionaryBugTests.cs(6,6): error CS0246: The type or namespace name 'FactAttribute' could not be found (are you missing a using directive or an assembly reference?) [C:\Users\antep\devops-projekt\bugMachine\src\BugMachine.Tests\BugMachine.Tests.csproj]
C:\Users\antep\devops-projekt\bugMachine\src\BugMachine.Tests\DictionaryBugTests.cs(6,6): error CS0246: The type or namespace name 'Fact' could not be found (are you missing a using directive or an assembly reference?) [C:\Users\antep\devops-projekt\bugMachine\src\BugMachine.Tests\BugMachine.Tests.csproj]
C:\Users\antep\devops-projekt\bugMachine\src\BugMachine.Tests\DictionaryBugTests.cs(13,6): error CS0246: The type or namespace name 'FactAttribute' could not be found (are you missing a using directive or an assembly reference?) [C:\Users\antep\devops-projekt\bugMachine\src\BugMachine.Tests\BugMachine.Tests.csproj]
C:\Users\antep\devops-projekt\bugMachine\src\BugMachine.Tests\DictionaryBugTests.cs(13,6): error CS0246: The type or namespace name 'Fact' could not be found (are you missing a using directive or an assembly reference?) [C:\Users\antep\devops-projekt\bugMachine\src\BugMachine.Tests\BugMachine.Tests.csproj]
C:\Users\antep\devops-projekt\bugMachine\src\BugMachine.Tests\BubbleSortTests.cs(22,6): error CS0246: The type or namespace name 'FactAttribute' could not be found (are you missing a using directive or an assembly reference?) [C:\Users\antep\devops-projekt\bugMachine\src\BugMachine.Tests\BugMachine.Tests.csproj]
C:\Users\antep\devops-projekt\bugMachine\src\BugMachine.Tests\BubbleSortTests.cs(22,6): error CS0246: The type or namespace name 'Fact' could not be found (are you missing a using directive or an assembly reference?) [C:\Users\antep\devops-projekt\bugMachine\src\BugMachine.Tests\BugMachine.Tests.csproj]
C:\Users\antep\devops-projekt\bugMachine\src\BugMachine.Tests\DictionaryBugTests.cs(21,6): error CS0246: The type or namespace name 'FactAttribute' could not be found (are you missing a using directive or an assembly reference?) [C:\Users\antep\devops-projekt\bugMachine\src\BugMachine.Tests\BugMachine.Tests.csproj]
C:\Users\antep\devops-projekt\bugMachine\src\BugMachine.Tests\DictionaryBugTests.cs(21,6): error CS0246: The type or namespace name 'Fact' could not be found (are you missing a using directive or an assembly reference?) [C:\Users\antep\devops-projekt\bugMachine\src\BugMachine.Tests\BugMachine.Tests.csproj]
C:\Users\antep\devops-projekt\bugMachine\src\BugMachine.Tests\DictionaryBugTests.cs(28,6): error CS0246: The type or namespace name 'FactAttribute' could not be found (are you missing a using directive or an assembly reference?) [C:\Users\antep\devops-projekt\bugMachine\src\BugMachine.Tests\BugMachine.Tests.csproj]
C:\Users\antep\devops-projekt\bugMachine\src\BugMachine.Tests\DictionaryBugTests.cs(28,6): error CS0246: The type or namespace name 'Fact' could not be found (are you missing a using directive or an assembly reference?) [C:\Users\antep\devops-projekt\bugMachine\src\BugMachine.Tests\BugMachine.Tests.csproj]
C:\Users\antep\devops-projekt\bugMachine\src\BugMachine.Tests\BubbleSortTests.cs(30,6): error CS0246: The type or namespace name 'FactAttribute' could not be found (are you missing a using directive or an assembly reference?) [C:\Users\antep\devops-projekt\bugMachine\src\BugMachine.Tests\BugMachine.Tests.csproj]
C:\Users\antep\devops-projekt\bugMachine\src\BugMachine.Tests\BubbleSortTests.cs(30,6): error CS0246: The type or namespace name 'Fact' could not be found (are you missing a using directive or an assembly reference?) [C:\Users\antep\devops-projekt\bugMachine\src\BugMachine.Tests\BugMachine.Tests.csproj]
C:\Users\antep\devops-projekt\bugMachine\src\BugMachine.Tests\BubbleSortTests.cs(38,6): error CS0246: The type or namespace name 'FactAttribute' could not be found (are you missing a using directive or an assembly reference?) [C:\Users\antep\devops-projekt\bugMachine\src\BugMachine.Tests\BugMachine.Tests.csproj]
C:\Users\antep\devops-projekt\bugMachine\src\BugMachine.Tests\BubbleSortTests.cs(38,6): error CS0246: The type or namespace name 'Fact' could not be found (are you missing a using directive or an assembly reference?) [C:\Users\antep\devops-projekt\bugMachine\src\BugMachine.Tests\BugMachine.Tests.csproj]
C:\Users\antep\devops-projekt\bugMachine\src\BugMachine.Tests\DictionaryBugTests.cs(36,6): error CS0246: The type or namespace name 'FactAttribute' could not be found (are you missing a using directive or an assembly reference?) [C:\Users\antep\devops-projekt\bugMachine\src\BugMachine.Tests\BugMachine.Tests.csproj]
C:\Users\antep\devops-projekt\bugMachine\src\BugMachine.Tests\DictionaryBugTests.cs(36,6): error CS0246: The type or namespace name 'Fact' could not be found (are you missing a using directive or an assembly reference?) [C:\Users\antep\devops-projekt\bugMachine\src\BugMachine.Tests\BugMachine.Tests.csproj]
C:\Users\antep\devops-projekt\bugMachine\src\BugMachine.Tests\DictionaryBugTests.cs(44,6): error CS0246: The type or namespace name 'FactAttribute' could not be found (are you missing a using directive or an assembly reference?) [C:\Users\antep\devops-projekt\bugMachine\src\BugMachine.Tests\BugMachine.Tests.csproj]
C:\Users\antep\devops-projekt\bugMachine\src\BugMachine.Tests\BubbleSortTests.cs(46,6): error CS0246: The type or namespace name 'FactAttribute' could not be found (are you missing a using directive or an assembly reference?) [C:\Users\antep\devops-projekt\bugMachine\src\BugMachine.Tests\BugMachine.Tests.csproj]
C:\Users\antep\devops-projekt\bugMachine\src\BugMachine.Tests\DictionaryBugTests.cs(44,6): error CS0246: The type or namespace name 'Fact' could not be found (are you missing a using directive or an assembly reference?) [C:\Users\antep\devops-projekt\bugMachine\src\BugMachine.Tests\BugMachine.Tests.csproj]
C:\Users\antep\devops-projekt\bugMachine\src\BugMachine.Tests\BubbleSortTests.cs(46,6): error CS0246: The type or namespace name 'Fact' could not be found (are you missing a using directive or an assembly reference?) [C:\Users\antep\devops-projekt\bugMachine\src\BugMachine.Tests\BugMachine.Tests.csproj]
C:\Users\antep\devops-projekt\bugMachine\src\BugMachine.Tests\AsyncAwaitBugTests.cs(29,6): error CS0246: The type or namespace name 'FactAttribute' could not be found (are you missing a using directive or an assembly reference?) [C:\Users\antep\devops-projekt\bugMachine\src\BugMachine.Tests\BugMachine.Tests.csproj]
C:\Users\antep\devops-projekt\bugMachine\src\BugMachine.Tests\AsyncAwaitBugTests.cs(29,6): error CS0246: The type or namespace name 'Fact' could not be found (are you missing a using directive or an assembly reference?) [C:\Users\antep\devops-projekt\bugMachine\src\BugMachine.Tests\BugMachine.Tests.csproj]
C:\Users\antep\devops-projekt\bugMachine\src\BugMachine.Tests\LinqBugTests.cs(6,6): error CS0246: The type or namespace name 'FactAttribute' could not be found (are you missing a using directive or an assembly reference?) [C:\Users\antep\devops-projekt\bugMachine\src\BugMachine.Tests\BugMachine.Tests.csproj]
C:\Users\antep\devops-projekt\bugMachine\src\BugMachine.Tests\LinqBugTests.cs(6,6): error CS0246: The type or namespace name 'Fact' could not be found (are you missing a using directive or an assembly reference?) [C:\Users\antep\devops-projekt\bugMachine\src\BugMachine.Tests\BugMachine.Tests.csproj]
C:\Users\antep\devops-projekt\bugMachine\src\BugMachine.Tests\DictionaryBugTests.cs(51,6): error CS0246: The type or namespace name 'FactAttribute' could not be found (are you missing a using directive or an assembly reference?) [C:\Users\antep\devops-projekt\bugMachine\src\BugMachine.Tests\BugMachine.Tests.csproj]
C:\Users\antep\devops-projekt\bugMachine\src\BugMachine.Tests\DictionaryBugTests.cs(51,6): error CS0246: The type or namespace name 'Fact' could not be found (are you missing a using directive or an assembly reference?) [C:\Users\antep\devops-projekt\bugMachine\src\BugMachine.Tests\BugMachine.Tests.csproj]
C:\Users\antep\devops-projekt\bugMachine\src\BugMachine.Tests\BinarySearchTests.cs(6,6): error CS0246: The type or namespace name 'FactAttribute' could not be found (are you missing a using directive or an assembly reference?) [C:\Users\antep\devops-projekt\bugMachine\src\BugMachine.Tests\BugMachine.Tests.csproj]
C:\Users\antep\devops-projekt\bugMachine\src\BugMachine.Tests\BinarySearchTests.cs(6,6): error CS0246: The type or namespace name 'Fact' could not be found (are you missing a using directive or an assembly reference?) [C:\Users\antep\devops-projekt\bugMachine\src\BugMachine.Tests\BugMachine.Tests.csproj]
C:\Users\antep\devops-projekt\bugMachine\src\BugMachine.Tests\MergeSortTests.cs(6,6): error CS0246: The type or namespace name 'FactAttribute' could not be found (are you missing a using directive or an assembly reference?) [C:\Users\antep\devops-projekt\bugMachine\src\BugMachine.Tests\BugMachine.Tests.csproj]
C:\Users\antep\devops-projekt\bugMachine\src\BugMachine.Tests\MergeSortTests.cs(6,6): error CS0246: The type or namespace name 'Fact' could not be found (are you missing a using directive or an assembly reference?) [C:\Users\antep\devops-projekt\bugMachine\src\BugMachine.Tests\BugMachine.Tests.csproj]
C:\Users\antep\devops-projekt\bugMachine\src\BugMachine.Tests\BinarySearchTests.cs(13,6): error CS0246: The type or namespace name 'FactAttribute' could not be found (are you missing a using directive or an assembly reference?) [C:\Users\antep\devops-projekt\bugMachine\src\BugMachine.Tests\BugMachine.Tests.csproj]
C:\Users\antep\devops-projekt\bugMachine\src\BugMachine.Tests\BinarySearchTests.cs(13,6): error CS0246: The type or namespace name 'Fact' could not be found (are you missing a using directive or an assembly reference?) [C:\Users\antep\devops-projekt\bugMachine\src\BugMachine.Tests\BugMachine.Tests.csproj]
C:\Users\antep\devops-projekt\bugMachine\src\BugMachine.Tests\MergeSortTests.cs(13,6): error CS0246: The type or namespace name 'FactAttribute' could not be found (are you missing a using directive or an assembly reference?) [C:\Users\antep\devops-projekt\bugMachine\src\BugMachine.Tests\BugMachine.Tests.csproj]
C:\Users\antep\devops-projekt\bugMachine\src\BugMachine.Tests\MergeSortTests.cs(13,6): error CS0246: The type or namespace name 'Fact' could not be found (are you missing a using directive or an assembly reference?) [C:\Users\antep\devops-projekt\bugMachine\src\BugMachine.Tests\BugMachine.Tests.csproj]
C:\Users\antep\devops-projekt\bugMachine\src\BugMachine.Tests\LinqBugTests.cs(13,6): error CS0246: The type or namespace name 'FactAttribute' could not be found (are you missing a using directive or an assembly reference?) [C:\Users\antep\devops-projekt\bugMachine\src\BugMachine.Tests\BugMachine.Tests.csproj]
C:\Users\antep\devops-projekt\bugMachine\src\BugMachine.Tests\LinqBugTests.cs(13,6): error CS0246: The type or namespace name 'Fact' could not be found (are you missing a using directive or an assembly reference?) [C:\Users\antep\devops-projekt\bugMachine\src\BugMachine.Tests\BugMachine.Tests.csproj]
C:\Users\antep\devops-projekt\bugMachine\src\BugMachine.Tests\LinkedListTests.cs(6,6): error CS0246: The type or namespace name 'FactAttribute' could not be found (are you missing a using directive or an assembly reference?) [C:\Users\antep\devops-projekt\bugMachine\src\BugMachine.Tests\BugMachine.Tests.csproj]
C:\Users\antep\devops-projekt\bugMachine\src\BugMachine.Tests\LinkedListTests.cs(6,6): error CS0246: The type or namespace name 'Fact' could not be found (are you missing a using directive or an assembly reference?) [C:\Users\antep\devops-projekt\bugMachine\src\BugMachine.Tests\BugMachine.Tests.csproj]
C:\Users\antep\devops-projekt\bugMachine\src\BugMachine.Tests\MergeSortTests.cs(20,6): error CS0246: The type or namespace name 'FactAttribute' could not be found (are you missing a using directive or an assembly reference?) [C:\Users\antep\devops-projekt\bugMachine\src\BugMachine.Tests\BugMachine.Tests.csproj]
C:\Users\antep\devops-projekt\bugMachine\src\BugMachine.Tests\MergeSortTests.cs(20,6): error CS0246: The type or namespace name 'Fact' could not be found (are you missing a using directive or an assembly reference?) [C:\Users\antep\devops-projekt\bugMachine\src\BugMachine.Tests\BugMachine.Tests.csproj]
C:\Users\antep\devops-projekt\bugMachine\src\BugMachine.Tests\LinkedListTests.cs(16,6): error CS0246: The type or namespace name 'FactAttribute' could not be found (are you missing a using directive or an assembly reference?) [C:\Users\antep\devops-projekt\bugMachine\src\BugMachine.Tests\BugMachine.Tests.csproj]
C:\Users\antep\devops-projekt\bugMachine\src\BugMachine.Tests\LinkedListTests.cs(16,6): error CS0246: The type or namespace name 'Fact' could not be found (are you missing a using directive or an assembly reference?) [C:\Users\antep\devops-projekt\bugMachine\src\BugMachine.Tests\BugMachine.Tests.csproj]
C:\Users\antep\devops-projekt\bugMachine\src\BugMachine.Tests\MergeSortTests.cs(27,6): error CS0246: The type or namespace name 'FactAttribute' could not be found (are you missing a using directive or an assembly reference?) [C:\Users\antep\devops-projekt\bugMachine\src\BugMachine.Tests\BugMachine.Tests.csproj]
C:\Users\antep\devops-projekt\bugMachine\src\BugMachine.Tests\MergeSortTests.cs(27,6): error CS0246: The type or namespace name 'Fact' could not be found (are you missing a using directive or an assembly reference?) [C:\Users\antep\devops-projekt\bugMachine\src\BugMachine.Tests\BugMachine.Tests.csproj]
C:\Users\antep\devops-projekt\bugMachine\src\BugMachine.Tests\LinkedListTests.cs(28,6): error CS0246: The type or namespace name 'FactAttribute' could not be found (are you missing a using directive or an assembly reference?) [C:\Users\antep\devops-projekt\bugMachine\src\BugMachine.Tests\BugMachine.Tests.csproj]
C:\Users\antep\devops-projekt\bugMachine\src\BugMachine.Tests\LinkedListTests.cs(28,6): error CS0246: The type or namespace name 'Fact' could not be found (are you missing a using directive or an assembly reference?) [C:\Users\antep\devops-projekt\bugMachine\src\BugMachine.Tests\BugMachine.Tests.csproj]
C:\Users\antep\devops-projekt\bugMachine\src\BugMachine.Tests\MergeSortTests.cs(34,6): error CS0246: The type or namespace name 'FactAttribute' could not be found (are you missing a using directive or an assembly reference?) [C:\Users\antep\devops-projekt\bugMachine\src\BugMachine.Tests\BugMachine.Tests.csproj]
C:\Users\antep\devops-projekt\bugMachine\src\BugMachine.Tests\MergeSortTests.cs(34,6): error CS0246: The type or namespace name 'Fact' could not be found (are you missing a using directive or an assembly reference?) [C:\Users\antep\devops-projekt\bugMachine\src\BugMachine.Tests\BugMachine.Tests.csproj]
C:\Users\antep\devops-projekt\bugMachine\src\BugMachine.Tests\LinkedListTests.cs(38,6): error CS0246: The type or namespace name 'FactAttribute' could not be found (are you missing a using directive or an assembly reference?) [C:\Users\antep\devops-projekt\bugMachine\src\BugMachine.Tests\BugMachine.Tests.csproj]
C:\Users\antep\devops-projekt\bugMachine\src\BugMachine.Tests\LinkedListTests.cs(38,6): error CS0246: The type or namespace name 'Fact' could not be found (are you missing a using directive or an assembly reference?) [C:\Users\antep\devops-projekt\bugMachine\src\BugMachine.Tests\BugMachine.Tests.csproj]
C:\Users\antep\devops-projekt\bugMachine\src\BugMachine.Tests\LinkedListTests.cs(48,6): error CS0246: The type or namespace name 'FactAttribute' could not be found (are you missing a using directive or an assembly reference?) [C:\Users\antep\devops-projekt\bugMachine\src\BugMachine.Tests\BugMachine.Tests.csproj]
C:\Users\antep\devops-projekt\bugMachine\src\BugMachine.Tests\LinkedListTests.cs(48,6): error CS0246: The type or namespace name 'Fact' could not be found (are you missing a using directive or an assembly reference?) [C:\Users\antep\devops-projekt\bugMachine\src\BugMachine.Tests\BugMachine.Tests.csproj]
C:\Users\antep\devops-projekt\bugMachine\src\BugMachine.Tests\MergeSortTests.cs(41,6): error CS0246: The type or namespace name 'FactAttribute' could not be found (are you missing a using directive or an assembly reference?) [C:\Users\antep\devops-projekt\bugMachine\src\BugMachine.Tests\BugMachine.Tests.csproj]
C:\Users\antep\devops-projekt\bugMachine\src\BugMachine.Tests\MergeSortTests.cs(41,6): error CS0246: The type or namespace name 'Fact' could not be found (are you missing a using directive or an assembly reference?) [C:\Users\antep\devops-projekt\bugMachine\src\BugMachine.Tests\BugMachine.Tests.csproj]
C:\Users\antep\devops-projekt\bugMachine\src\BugMachine.Tests\LinkedListTests.cs(59,6): error CS0246: The type or namespace name 'FactAttribute' could not be found (are you missing a using directive or an assembly reference?) [C:\Users\antep\devops-projekt\bugMachine\src\BugMachine.Tests\BugMachine.Tests.csproj]
C:\Users\antep\devops-projekt\bugMachine\src\BugMachine.Tests\LinkedListTests.cs(59,6): error CS0246: The type or namespace name 'Fact' could not be found (are you missing a using directive or an assembly reference?) [C:\Users\antep\devops-projekt\bugMachine\src\BugMachine.Tests\BugMachine.Tests.csproj]
C:\Users\antep\devops-projekt\bugMachine\src\BugMachine.Tests\LinqBugTests.cs(22,6): error CS0246: The type or namespace name 'FactAttribute' could not be found (are you missing a using directive or an assembly reference?) [C:\Users\antep\devops-projekt\bugMachine\src\BugMachine.Tests\BugMachine.Tests.csproj]
C:\Users\antep\devops-projekt\bugMachine\src\BugMachine.Tests\LinqBugTests.cs(22,6): error CS0246: The type or namespace name 'Fact' could not be found (are you missing a using directive or an assembly reference?) [C:\Users\antep\devops-projekt\bugMachine\src\BugMachine.Tests\BugMachine.Tests.csproj]
C:\Users\antep\devops-projekt\bugMachine\src\BugMachine.Tests\LinqBugTests.cs(30,6): error CS0246: The type or namespace name 'FactAttribute' could not be found (are you missing a using directive or an assembly reference?) [C:\Users\antep\devops-projekt\bugMachine\src\BugMachine.Tests\BugMachine.Tests.csproj]
C:\Users\antep\devops-projekt\bugMachine\src\BugMachine.Tests\LinqBugTests.cs(30,6): error CS0246: The type or namespace name 'Fact' could not be found (are you missing a using directive or an assembly reference?) [C:\Users\antep\devops-projekt\bugMachine\src\BugMachine.Tests\BugMachine.Tests.csproj]
C:\Users\antep\devops-projekt\bugMachine\src\BugMachine.Tests\MergeSortTests.cs(48,6): error CS0246: The type or namespace name 'FactAttribute' could not be found (are you missing a using directive or an assembly reference?) [C:\Users\antep\devops-projekt\bugMachine\src\BugMachine.Tests\BugMachine.Tests.csproj]
C:\Users\antep\devops-projekt\bugMachine\src\BugMachine.Tests\MergeSortTests.cs(48,6): error CS0246: The type or namespace name 'Fact' could not be found (are you missing a using directive or an assembly reference?) [C:\Users\antep\devops-projekt\bugMachine\src\BugMachine.Tests\BugMachine.Tests.csproj]
C:\Users\antep\devops-projekt\bugMachine\src\BugMachine.Tests\LinqBugTests.cs(37,6): error CS0246: The type or namespace name 'FactAttribute' could not be found (are you missing a using directive or an assembly reference?) [C:\Users\antep\devops-projekt\bugMachine\src\BugMachine.Tests\BugMachine.Tests.csproj]
C:\Users\antep\devops-projekt\bugMachine\src\BugMachine.Tests\LinqBugTests.cs(37,6): error CS0246: The type or namespace name 'Fact' could not be found (are you missing a using directive or an assembly reference?) [C:\Users\antep\devops-projekt\bugMachine\src\BugMachine.Tests\BugMachine.Tests.csproj]
C:\Users\antep\devops-projekt\bugMachine\src\BugMachine.Tests\LinkedListTests.cs(71,6): error CS0246: The type or namespace name 'FactAttribute' could not be found (are you missing a using directive or an assembly reference?) [C:\Users\antep\devops-projekt\bugMachine\src\BugMachine.Tests\BugMachine.Tests.csproj]
C:\Users\antep\devops-projekt\bugMachine\src\BugMachine.Tests\LinkedListTests.cs(71,6): error CS0246: The type or namespace name 'Fact' could not be found (are you missing a using directive or an assembly reference?) [C:\Users\antep\devops-projekt\bugMachine\src\BugMachine.Tests\BugMachine.Tests.csproj]
C:\Users\antep\devops-projekt\bugMachine\src\BugMachine.Tests\LinqBugTests.cs(44,6): error CS0246: The type or namespace name 'FactAttribute' could not be found (are you missing a using directive or an assembly reference?) [C:\Users\antep\devops-projekt\bugMachine\src\BugMachine.Tests\BugMachine.Tests.csproj]
C:\Users\antep\devops-projekt\bugMachine\src\BugMachine.Tests\LinqBugTests.cs(44,6): error CS0246: The type or namespace name 'Fact' could not be found (are you missing a using directive or an assembly reference?) [C:\Users\antep\devops-projekt\bugMachine\src\BugMachine.Tests\BugMachine.Tests.csproj]
C:\Users\antep\devops-projekt\bugMachine\src\BugMachine.Tests\MinHeapTests.cs(6,6): error CS0246: The type or namespace name 'FactAttribute' could not be found (are you missing a using directive or an assembly reference?) [C:\Users\antep\devops-projekt\bugMachine\src\BugMachine.Tests\BugMachine.Tests.csproj]
C:\Users\antep\devops-projekt\bugMachine\src\BugMachine.Tests\MinHeapTests.cs(6,6): error CS0246: The type or namespace name 'Fact' could not be found (are you missing a using directive or an assembly reference?) [C:\Users\antep\devops-projekt\bugMachine\src\BugMachine.Tests\BugMachine.Tests.csproj]
C:\Users\antep\devops-projekt\bugMachine\src\BugMachine.Tests\LinkedListTests.cs(79,6): error CS0246: The type or namespace name 'FactAttribute' could not be found (are you missing a using directive or an assembly reference?) [C:\Users\antep\devops-projekt\bugMachine\src\BugMachine.Tests\BugMachine.Tests.csproj]
C:\Users\antep\devops-projekt\bugMachine\src\BugMachine.Tests\LinkedListTests.cs(79,6): error CS0246: The type or namespace name 'Fact' could not be found (are you missing a using directive or an assembly reference?) [C:\Users\antep\devops-projekt\bugMachine\src\BugMachine.Tests\BugMachine.Tests.csproj]
C:\Users\antep\devops-projekt\bugMachine\src\BugMachine.Tests\MinHeapTests.cs(23,6): error CS0246: The type or namespace name 'FactAttribute' could not be found (are you missing a using directive or an assembly reference?) [C:\Users\antep\devops-projekt\bugMachine\src\BugMachine.Tests\BugMachine.Tests.csproj]
C:\Users\antep\devops-projekt\bugMachine\src\BugMachine.Tests\MinHeapTests.cs(23,6): error CS0246: The type or namespace name 'Fact' could not be found (are you missing a using directive or an assembly reference?) [C:\Users\antep\devops-projekt\bugMachine\src\BugMachine.Tests\BugMachine.Tests.csproj]
C:\Users\antep\devops-projekt\bugMachine\src\BugMachine.Tests\LinkedListTests.cs(87,6): error CS0246: The type or namespace name 'FactAttribute' could not be found (are you missing a using directive or an assembly reference?) [C:\Users\antep\devops-projekt\bugMachine\src\BugMachine.Tests\BugMachine.Tests.csproj]
C:\Users\antep\devops-projekt\bugMachine\src\BugMachine.Tests\LinkedListTests.cs(87,6): error CS0246: The type or namespace name 'Fact' could not be found (are you missing a using directive or an assembly reference?) [C:\Users\antep\devops-projekt\bugMachine\src\BugMachine.Tests\BugMachine.Tests.csproj]
C:\Users\antep\devops-projekt\bugMachine\src\BugMachine.Tests\MinHeapTests.cs(35,6): error CS0246: The type or namespace name 'FactAttribute' could not be found (are you missing a using directive or an assembly reference?) [C:\Users\antep\devops-projekt\bugMachine\src\BugMachine.Tests\BugMachine.Tests.csproj]
C:\Users\antep\devops-projekt\bugMachine\src\BugMachine.Tests\MinHeapTests.cs(35,6): error CS0246: The type or namespace name 'Fact' could not be found (are you missing a using directive or an assembly reference?) [C:\Users\antep\devops-projekt\bugMachine\src\BugMachine.Tests\BugMachine.Tests.csproj]
C:\Users\antep\devops-projekt\bugMachine\src\BugMachine.Tests\MinHeapTests.cs(42,6): error CS0246: The type or namespace name 'FactAttribute' could not be found (are you missing a using directive or an assembly reference?) [C:\Users\antep\devops-projekt\bugMachine\src\BugMachine.Tests\BugMachine.Tests.csproj]
C:\Users\antep\devops-projekt\bugMachine\src\BugMachine.Tests\NullReferenceBugTests.cs(6,6): error CS0246: The type or namespace name 'FactAttribute' could not be found (are you missing a using directive or an assembly reference?) [C:\Users\antep\devops-projekt\bugMachine\src\BugMachine.Tests\BugMachine.Tests.csproj]
C:\Users\antep\devops-projekt\bugMachine\src\BugMachine.Tests\NullReferenceBugTests.cs(6,6): error CS0246: The type or namespace name 'Fact' could not be found (are you missing a using directive or an assembly reference?) [C:\Users\antep\devops-projekt\bugMachine\src\BugMachine.Tests\BugMachine.Tests.csproj]
C:\Users\antep\devops-projekt\bugMachine\src\BugMachine.Tests\MinHeapTests.cs(42,6): error CS0246: The type or namespace name 'Fact' could not be found (are you missing a using directive or an assembly reference?) [C:\Users\antep\devops-projekt\bugMachine\src\BugMachine.Tests\BugMachine.Tests.csproj]
C:\Users\antep\devops-projekt\bugMachine\src\BugMachine.Tests\NullReferenceBugTests.cs(12,6): error CS0246: The type or namespace name 'FactAttribute' could not be found (are you missing a using directive or an assembly reference?) [C:\Users\antep\devops-projekt\bugMachine\src\BugMachine.Tests\BugMachine.Tests.csproj]
C:\Users\antep\devops-projekt\bugMachine\src\BugMachine.Tests\NullReferenceBugTests.cs(12,6): error CS0246: The type or namespace name 'Fact' could not be found (are you missing a using directive or an assembly reference?) [C:\Users\antep\devops-projekt\bugMachine\src\BugMachine.Tests\BugMachine.Tests.csproj]
C:\Users\antep\devops-projekt\bugMachine\src\BugMachine.Tests\LinqBugTests.cs(51,6): error CS0246: The type or namespace name 'FactAttribute' could not be found (are you missing a using directive or an assembly reference?) [C:\Users\antep\devops-projekt\bugMachine\src\BugMachine.Tests\BugMachine.Tests.csproj]
C:\Users\antep\devops-projekt\bugMachine\src\BugMachine.Tests\LinqBugTests.cs(51,6): error CS0246: The type or namespace name 'Fact' could not be found (are you missing a using directive or an assembly reference?) [C:\Users\antep\devops-projekt\bugMachine\src\BugMachine.Tests\BugMachine.Tests.csproj]
C:\Users\antep\devops-projekt\bugMachine\src\BugMachine.Tests\LinqBugTests.cs(58,6): error CS0246: The type or namespace name 'FactAttribute' could not be found (are you missing a using directive or an assembly reference?) [C:\Users\antep\devops-projekt\bugMachine\src\BugMachine.Tests\BugMachine.Tests.csproj]
C:\Users\antep\devops-projekt\bugMachine\src\BugMachine.Tests\LinqBugTests.cs(58,6): error CS0246: The type or namespace name 'Fact' could not be found (are you missing a using directive or an assembly reference?) [C:\Users\antep\devops-projekt\bugMachine\src\BugMachine.Tests\BugMachine.Tests.csproj]
C:\Users\antep\devops-projekt\bugMachine\src\BugMachine.Tests\MinHeapTests.cs(49,6): error CS0246: The type or namespace name 'FactAttribute' could not be found (are you missing a using directive or an assembly reference?) [C:\Users\antep\devops-projekt\bugMachine\src\BugMachine.Tests\BugMachine.Tests.csproj]
C:\Users\antep\devops-projekt\bugMachine\src\BugMachine.Tests\MinHeapTests.cs(49,6): error CS0246: The type or namespace name 'Fact' could not be found (are you missing a using directive or an assembly reference?) [C:\Users\antep\devops-projekt\bugMachine\src\BugMachine.Tests\BugMachine.Tests.csproj]
C:\Users\antep\devops-projekt\bugMachine\src\BugMachine.Tests\QueueTests.cs(6,6): error CS0246: The type or namespace name 'FactAttribute' could not be found (are you missing a using directive or an assembly reference?) [C:\Users\antep\devops-projekt\bugMachine\src\BugMachine.Tests\BugMachine.Tests.csproj]
C:\Users\antep\devops-projekt\bugMachine\src\BugMachine.Tests\QueueTests.cs(6,6): error CS0246: The type or namespace name 'Fact' could not be found (are you missing a using directive or an assembly reference?) [C:\Users\antep\devops-projekt\bugMachine\src\BugMachine.Tests\BugMachine.Tests.csproj]
C:\Users\antep\devops-projekt\bugMachine\src\BugMachine.Tests\MinHeapTests.cs(58,6): error CS0246: The type or namespace name 'FactAttribute' could not be found (are you missing a using directive or an assembly reference?) [C:\Users\antep\devops-projekt\bugMachine\src\BugMachine.Tests\BugMachine.Tests.csproj]
C:\Users\antep\devops-projekt\bugMachine\src\BugMachine.Tests\MinHeapTests.cs(58,6): error CS0246: The type or namespace name 'Fact' could not be found (are you missing a using directive or an assembly reference?) [C:\Users\antep\devops-projekt\bugMachine\src\BugMachine.Tests\BugMachine.Tests.csproj]
C:\Users\antep\devops-projekt\bugMachine\src\BugMachine.Tests\QueueTests.cs(19,6): error CS0246: The type or namespace name 'FactAttribute' could not be found (are you missing a using directive or an assembly reference?) [C:\Users\antep\devops-projekt\bugMachine\src\BugMachine.Tests\BugMachine.Tests.csproj]
C:\Users\antep\devops-projekt\bugMachine\src\BugMachine.Tests\QueueTests.cs(19,6): error CS0246: The type or namespace name 'Fact' could not be found (are you missing a using directive or an assembly reference?) [C:\Users\antep\devops-projekt\bugMachine\src\BugMachine.Tests\BugMachine.Tests.csproj]
C:\Users\antep\devops-projekt\bugMachine\src\BugMachine.Tests\QuickSortTests.cs(6,6): error CS0246: The type or namespace name 'FactAttribute' could not be found (are you missing a using directive or an assembly reference?) [C:\Users\antep\devops-projekt\bugMachine\src\BugMachine.Tests\BugMachine.Tests.csproj]
C:\Users\antep\devops-projekt\bugMachine\src\BugMachine.Tests\QuickSortTests.cs(6,6): error CS0246: The type or namespace name 'Fact' could not be found (are you missing a using directive or an assembly reference?) [C:\Users\antep\devops-projekt\bugMachine\src\BugMachine.Tests\BugMachine.Tests.csproj]
C:\Users\antep\devops-projekt\bugMachine\src\BugMachine.Tests\MinHeapTests.cs(69,6): error CS0246: The type or namespace name 'FactAttribute' could not be found (are you missing a using directive or an assembly reference?) [C:\Users\antep\devops-projekt\bugMachine\src\BugMachine.Tests\BugMachine.Tests.csproj]
C:\Users\antep\devops-projekt\bugMachine\src\BugMachine.Tests\MinHeapTests.cs(69,6): error CS0246: The type or namespace name 'Fact' could not be found (are you missing a using directive or an assembly reference?) [C:\Users\antep\devops-projekt\bugMachine\src\BugMachine.Tests\BugMachine.Tests.csproj]
C:\Users\antep\devops-projekt\bugMachine\src\BugMachine.Tests\QueueTests.cs(26,6): error CS0246: The type or namespace name 'FactAttribute' could not be found (are you missing a using directive or an assembly reference?) [C:\Users\antep\devops-projekt\bugMachine\src\BugMachine.Tests\BugMachine.Tests.csproj]
C:\Users\antep\devops-projekt\bugMachine\src\BugMachine.Tests\QueueTests.cs(26,6): error CS0246: The type or namespace name 'Fact' could not be found (are you missing a using directive or an assembly reference?) [C:\Users\antep\devops-projekt\bugMachine\src\BugMachine.Tests\BugMachine.Tests.csproj]
C:\Users\antep\devops-projekt\bugMachine\src\BugMachine.Tests\QuickSortTests.cs(14,6): error CS0246: The type or namespace name 'FactAttribute' could not be found (are you missing a using directive or an assembly reference?) [C:\Users\antep\devops-projekt\bugMachine\src\BugMachine.Tests\BugMachine.Tests.csproj]
C:\Users\antep\devops-projekt\bugMachine\src\BugMachine.Tests\QuickSortTests.cs(14,6): error CS0246: The type or namespace name 'Fact' could not be found (are you missing a using directive or an assembly reference?) [C:\Users\antep\devops-projekt\bugMachine\src\BugMachine.Tests\BugMachine.Tests.csproj]
C:\Users\antep\devops-projekt\bugMachine\src\BugMachine.Tests\MinHeapTests.cs(82,6): error CS0246: The type or namespace name 'FactAttribute' could not be found (are you missing a using directive or an assembly reference?) [C:\Users\antep\devops-projekt\bugMachine\src\BugMachine.Tests\BugMachine.Tests.csproj]
C:\Users\antep\devops-projekt\bugMachine\src\BugMachine.Tests\MinHeapTests.cs(82,6): error CS0246: The type or namespace name 'Fact' could not be found (are you missing a using directive or an assembly reference?) [C:\Users\antep\devops-projekt\bugMachine\src\BugMachine.Tests\BugMachine.Tests.csproj]
C:\Users\antep\devops-projekt\bugMachine\src\BugMachine.Tests\NullReferenceBugTests.cs(20,6): error CS0246: The type or namespace name 'FactAttribute' could not be found (are you missing a using directive or an assembly reference?) [C:\Users\antep\devops-projekt\bugMachine\src\BugMachine.Tests\BugMachine.Tests.csproj]
C:\Users\antep\devops-projekt\bugMachine\src\BugMachine.Tests\NullReferenceBugTests.cs(20,6): error CS0246: The type or namespace name 'Fact' could not be found (are you missing a using directive or an assembly reference?) [C:\Users\antep\devops-projekt\bugMachine\src\BugMachine.Tests\BugMachine.Tests.csproj]
C:\Users\antep\devops-projekt\bugMachine\src\BugMachine.Tests\QuickSortTests.cs(22,6): error CS0246: The type or namespace name 'FactAttribute' could not be found (are you missing a using directive or an assembly reference?) [C:\Users\antep\devops-projekt\bugMachine\src\BugMachine.Tests\BugMachine.Tests.csproj]
C:\Users\antep\devops-projekt\bugMachine\src\BugMachine.Tests\QuickSortTests.cs(22,6): error CS0246: The type or namespace name 'Fact' could not be found (are you missing a using directive or an assembly reference?) [C:\Users\antep\devops-projekt\bugMachine\src\BugMachine.Tests\BugMachine.Tests.csproj]
C:\Users\antep\devops-projekt\bugMachine\src\BugMachine.Tests\NullReferenceBugTests.cs(26,6): error CS0246: The type or namespace name 'FactAttribute' could not be found (are you missing a using directive or an assembly reference?) [C:\Users\antep\devops-projekt\bugMachine\src\BugMachine.Tests\BugMachine.Tests.csproj]
C:\Users\antep\devops-projekt\bugMachine\src\BugMachine.Tests\NullReferenceBugTests.cs(26,6): error CS0246: The type or namespace name 'Fact' could not be found (are you missing a using directive or an assembly reference?) [C:\Users\antep\devops-projekt\bugMachine\src\BugMachine.Tests\BugMachine.Tests.csproj]
C:\Users\antep\devops-projekt\bugMachine\src\BugMachine.Tests\NullReferenceBugTests.cs(32,6): error CS0246: The type or namespace name 'FactAttribute' could not be found (are you missing a using directive or an assembly reference?) [C:\Users\antep\devops-projekt\bugMachine\src\BugMachine.Tests\BugMachine.Tests.csproj]
C:\Users\antep\devops-projekt\bugMachine\src\BugMachine.Tests\NullReferenceBugTests.cs(32,6): error CS0246: The type or namespace name 'Fact' could not be found (are you missing a using directive or an assembly reference?) [C:\Users\antep\devops-projekt\bugMachine\src\BugMachine.Tests\BugMachine.Tests.csproj]
C:\Users\antep\devops-projekt\bugMachine\src\BugMachine.Tests\NullReferenceBugTests.cs(39,6): error CS0246: The type or namespace name 'FactAttribute' could not be found (are you missing a using directive or an assembly reference?) [C:\Users\antep\devops-projekt\bugMachine\src\BugMachine.Tests\BugMachine.Tests.csproj]
C:\Users\antep\devops-projekt\bugMachine\src\BugMachine.Tests\NullReferenceBugTests.cs(39,6): error CS0246: The type or namespace name 'Fact' could not be found (are you missing a using directive or an assembly reference?) [C:\Users\antep\devops-projekt\bugMachine\src\BugMachine.Tests\BugMachine.Tests.csproj]
C:\Users\antep\devops-projekt\bugMachine\src\BugMachine.Tests\QueueTests.cs(37,6): error CS0246: The type or namespace name 'FactAttribute' could not be found (are you missing a using directive or an assembly reference?) [C:\Users\antep\devops-projekt\bugMachine\src\BugMachine.Tests\BugMachine.Tests.csproj]
C:\Users\antep\devops-projekt\bugMachine\src\BugMachine.Tests\QueueTests.cs(37,6): error CS0246: The type or namespace name 'Fact' could not be found (are you missing a using directive or an assembly reference?) [C:\Users\antep\devops-projekt\bugMachine\src\BugMachine.Tests\BugMachine.Tests.csproj]
C:\Users\antep\devops-projekt\bugMachine\src\BugMachine.Tests\QuickSortTests.cs(30,6): error CS0246: The type or namespace name 'FactAttribute' could not be found (are you missing a using directive or an assembly reference?) [C:\Users\antep\devops-projekt\bugMachine\src\BugMachine.Tests\BugMachine.Tests.csproj]
C:\Users\antep\devops-projekt\bugMachine\src\BugMachine.Tests\QuickSortTests.cs(30,6): error CS0246: The type or namespace name 'Fact' could not be found (are you missing a using directive or an assembly reference?) [C:\Users\antep\devops-projekt\bugMachine\src\BugMachine.Tests\BugMachine.Tests.csproj]
C:\Users\antep\devops-projekt\bugMachine\src\BugMachine.Tests\QueueTests.cs(47,6): error CS0246: The type or namespace name 'FactAttribute' could not be found (are you missing a using directive or an assembly reference?) [C:\Users\antep\devops-projekt\bugMachine\src\BugMachine.Tests\BugMachine.Tests.csproj]
C:\Users\antep\devops-projekt\bugMachine\src\BugMachine.Tests\QueueTests.cs(47,6): error CS0246: The type or namespace name 'Fact' could not be found (are you missing a using directive or an assembly reference?) [C:\Users\antep\devops-projekt\bugMachine\src\BugMachine.Tests\BugMachine.Tests.csproj]
C:\Users\antep\devops-projekt\bugMachine\src\BugMachine.Tests\RecursionBugTests.cs(6,6): error CS0246: The type or namespace name 'FactAttribute' could not be found (are you missing a using directive or an assembly reference?) [C:\Users\antep\devops-projekt\bugMachine\src\BugMachine.Tests\BugMachine.Tests.csproj]
C:\Users\antep\devops-projekt\bugMachine\src\BugMachine.Tests\RecursionBugTests.cs(6,6): error CS0246: The type or namespace name 'Fact' could not be found (are you missing a using directive or an assembly reference?) [C:\Users\antep\devops-projekt\bugMachine\src\BugMachine.Tests\BugMachine.Tests.csproj]
C:\Users\antep\devops-projekt\bugMachine\src\BugMachine.Tests\QueueTests.cs(57,6): error CS0246: The type or namespace name 'FactAttribute' could not be found (are you missing a using directive or an assembly reference?) [C:\Users\antep\devops-projekt\bugMachine\src\BugMachine.Tests\BugMachine.Tests.csproj]
C:\Users\antep\devops-projekt\bugMachine\src\BugMachine.Tests\QueueTests.cs(57,6): error CS0246: The type or namespace name 'Fact' could not be found (are you missing a using directive or an assembly reference?) [C:\Users\antep\devops-projekt\bugMachine\src\BugMachine.Tests\BugMachine.Tests.csproj]
C:\Users\antep\devops-projekt\bugMachine\src\BugMachine.Tests\BinarySearchTests.cs(20,6): error CS0246: The type or namespace name 'FactAttribute' could not be found (are you missing a using directive or an assembly reference?) [C:\Users\antep\devops-projekt\bugMachine\src\BugMachine.Tests\BugMachine.Tests.csproj]
C:\Users\antep\devops-projekt\bugMachine\src\BugMachine.Tests\BinarySearchTests.cs(20,6): error CS0246: The type or namespace name 'Fact' could not be found (are you missing a using directive or an assembly reference?) [C:\Users\antep\devops-projekt\bugMachine\src\BugMachine.Tests\BugMachine.Tests.csproj]
C:\Users\antep\devops-projekt\bugMachine\src\BugMachine.Tests\RecursionBugTests.cs(12,6): error CS0246: The type or namespace name 'FactAttribute' could not be found (are you missing a using directive or an assembly reference?) [C:\Users\antep\devops-projekt\bugMachine\src\BugMachine.Tests\BugMachine.Tests.csproj]
C:\Users\antep\devops-projekt\bugMachine\src\BugMachine.Tests\RecursionBugTests.cs(12,6): error CS0246: The type or namespace name 'Fact' could not be found (are you missing a using directive or an assembly reference?) [C:\Users\antep\devops-projekt\bugMachine\src\BugMachine.Tests\BugMachine.Tests.csproj]
C:\Users\antep\devops-projekt\bugMachine\src\BugMachine.Tests\QueueTests.cs(64,6): error CS0246: The type or namespace name 'FactAttribute' could not be found (are you missing a using directive or an assembly reference?) [C:\Users\antep\devops-projekt\bugMachine\src\BugMachine.Tests\BugMachine.Tests.csproj]
C:\Users\antep\devops-projekt\bugMachine\src\BugMachine.Tests\QueueTests.cs(64,6): error CS0246: The type or namespace name 'Fact' could not be found (are you missing a using directive or an assembly reference?) [C:\Users\antep\devops-projekt\bugMachine\src\BugMachine.Tests\BugMachine.Tests.csproj]
C:\Users\antep\devops-projekt\bugMachine\src\BugMachine.Tests\BinarySearchTests.cs(27,6): error CS0246: The type or namespace name 'FactAttribute' could not be found (are you missing a using directive or an assembly reference?) [C:\Users\antep\devops-projekt\bugMachine\src\BugMachine.Tests\BugMachine.Tests.csproj]
C:\Users\antep\devops-projekt\bugMachine\src\BugMachine.Tests\BinarySearchTests.cs(27,6): error CS0246: The type or namespace name 'Fact' could not be found (are you missing a using directive or an assembly reference?) [C:\Users\antep\devops-projekt\bugMachine\src\BugMachine.Tests\BugMachine.Tests.csproj]
C:\Users\antep\devops-projekt\bugMachine\src\BugMachine.Tests\RecursionBugTests.cs(18,6): error CS0246: The type or namespace name 'FactAttribute' could not be found (are you missing a using directive or an assembly reference?) [C:\Users\antep\devops-projekt\bugMachine\src\BugMachine.Tests\BugMachine.Tests.csproj]
C:\Users\antep\devops-projekt\bugMachine\src\BugMachine.Tests\RecursionBugTests.cs(18,6): error CS0246: The type or namespace name 'Fact' could not be found (are you missing a using directive or an assembly reference?) [C:\Users\antep\devops-projekt\bugMachine\src\BugMachine.Tests\BugMachine.Tests.csproj]
C:\Users\antep\devops-projekt\bugMachine\src\BugMachine.Tests\StackTests.cs(6,6): error CS0246: The type or namespace name 'FactAttribute' could not be found (are you missing a using directive or an assembly reference?) [C:\Users\antep\devops-projekt\bugMachine\src\BugMachine.Tests\BugMachine.Tests.csproj]
C:\Users\antep\devops-projekt\bugMachine\src\BugMachine.Tests\StackTests.cs(6,6): error CS0246: The type or namespace name 'Fact' could not be found (are you missing a using directive or an assembly reference?) [C:\Users\antep\devops-projekt\bugMachine\src\BugMachine.Tests\BugMachine.Tests.csproj]
C:\Users\antep\devops-projekt\bugMachine\src\BugMachine.Tests\RecursionBugTests.cs(29,6): error CS0246: The type or namespace name 'FactAttribute' could not be found (are you missing a using directive or an assembly reference?) [C:\Users\antep\devops-projekt\bugMachine\src\BugMachine.Tests\BugMachine.Tests.csproj]
C:\Users\antep\devops-projekt\bugMachine\src\BugMachine.Tests\RecursionBugTests.cs(29,6): error CS0246: The type or namespace name 'Fact' could not be found (are you missing a using directive or an assembly reference?) [C:\Users\antep\devops-projekt\bugMachine\src\BugMachine.Tests\BugMachine.Tests.csproj]
C:\Users\antep\devops-projekt\bugMachine\src\BugMachine.Tests\StackTests.cs(19,6): error CS0246: The type or namespace name 'FactAttribute' could not be found (are you missing a using directive or an assembly reference?) [C:\Users\antep\devops-projekt\bugMachine\src\BugMachine.Tests\BugMachine.Tests.csproj]
C:\Users\antep\devops-projekt\bugMachine\src\BugMachine.Tests\StackTests.cs(19,6): error CS0246: The type or namespace name 'Fact' could not be found (are you missing a using directive or an assembly reference?) [C:\Users\antep\devops-projekt\bugMachine\src\BugMachine.Tests\BugMachine.Tests.csproj]
C:\Users\antep\devops-projekt\bugMachine\src\BugMachine.Tests\BinarySearchTests.cs(34,6): error CS0246: The type or namespace name 'FactAttribute' could not be found (are you missing a using directive or an assembly reference?) [C:\Users\antep\devops-projekt\bugMachine\src\BugMachine.Tests\BugMachine.Tests.csproj]
C:\Users\antep\devops-projekt\bugMachine\src\BugMachine.Tests\BinarySearchTests.cs(34,6): error CS0246: The type or namespace name 'Fact' could not be found (are you missing a using directive or an assembly reference?) [C:\Users\antep\devops-projekt\bugMachine\src\BugMachine.Tests\BugMachine.Tests.csproj]
C:\Users\antep\devops-projekt\bugMachine\src\BugMachine.Tests\RecursionBugTests.cs(35,6): error CS0246: The type or namespace name 'FactAttribute' could not be found (are you missing a using directive or an assembly reference?) [C:\Users\antep\devops-projekt\bugMachine\src\BugMachine.Tests\BugMachine.Tests.csproj]
C:\Users\antep\devops-projekt\bugMachine\src\BugMachine.Tests\RecursionBugTests.cs(35,6): error CS0246: The type or namespace name 'Fact' could not be found (are you missing a using directive or an assembly reference?) [C:\Users\antep\devops-projekt\bugMachine\src\BugMachine.Tests\BugMachine.Tests.csproj]
C:\Users\antep\devops-projekt\bugMachine\src\BugMachine.Tests\NullReferenceBugTests.cs(45,6): error CS0246: The type or namespace name 'FactAttribute' could not be found (are you missing a using directive or an assembly reference?) [C:\Users\antep\devops-projekt\bugMachine\src\BugMachine.Tests\BugMachine.Tests.csproj]
C:\Users\antep\devops-projekt\bugMachine\src\BugMachine.Tests\NullReferenceBugTests.cs(45,6): error CS0246: The type or namespace name 'Fact' could not be found (are you missing a using directive or an assembly reference?) [C:\Users\antep\devops-projekt\bugMachine\src\BugMachine.Tests\BugMachine.Tests.csproj]
C:\Users\antep\devops-projekt\bugMachine\src\BugMachine.Tests\RecursionBugTests.cs(41,6): error CS0246: The type or namespace name 'FactAttribute' could not be found (are you missing a using directive or an assembly reference?) [C:\Users\antep\devops-projekt\bugMachine\src\BugMachine.Tests\BugMachine.Tests.csproj]
C:\Users\antep\devops-projekt\bugMachine\src\BugMachine.Tests\RecursionBugTests.cs(41,6): error CS0246: The type or namespace name 'Fact' could not be found (are you missing a using directive or an assembly reference?) [C:\Users\antep\devops-projekt\bugMachine\src\BugMachine.Tests\BugMachine.Tests.csproj]
C:\Users\antep\devops-projekt\bugMachine\src\BugMachine.Tests\NullReferenceBugTests.cs(51,6): error CS0246: The type or namespace name 'FactAttribute' could not be found (are you missing a using directive or an assembly reference?) [C:\Users\antep\devops-projekt\bugMachine\src\BugMachine.Tests\BugMachine.Tests.csproj]
C:\Users\antep\devops-projekt\bugMachine\src\BugMachine.Tests\NullReferenceBugTests.cs(51,6): error CS0246: The type or namespace name 'Fact' could not be found (are you missing a using directive or an assembly reference?) [C:\Users\antep\devops-projekt\bugMachine\src\BugMachine.Tests\BugMachine.Tests.csproj]
C:\Users\antep\devops-projekt\bugMachine\src\BugMachine.Tests\BinarySearchTests.cs(41,6): error CS0246: The type or namespace name 'FactAttribute' could not be found (are you missing a using directive or an assembly reference?) [C:\Users\antep\devops-projekt\bugMachine\src\BugMachine.Tests\BugMachine.Tests.csproj]
C:\Users\antep\devops-projekt\bugMachine\src\BugMachine.Tests\BinarySearchTests.cs(41,6): error CS0246: The type or namespace name 'Fact' could not be found (are you missing a using directive or an assembly reference?) [C:\Users\antep\devops-projekt\bugMachine\src\BugMachine.Tests\BugMachine.Tests.csproj]
C:\Users\antep\devops-projekt\bugMachine\src\BugMachine.Tests\RecursionBugTests.cs(47,6): error CS0246: The type or namespace name 'FactAttribute' could not be found (are you missing a using directive or an assembly reference?) [C:\Users\antep\devops-projekt\bugMachine\src\BugMachine.Tests\BugMachine.Tests.csproj]
C:\Users\antep\devops-projekt\bugMachine\src\BugMachine.Tests\RecursionBugTests.cs(47,6): error CS0246: The type or namespace name 'Fact' could not be found (are you missing a using directive or an assembly reference?) [C:\Users\antep\devops-projekt\bugMachine\src\BugMachine.Tests\BugMachine.Tests.csproj]
C:\Users\antep\devops-projekt\bugMachine\src\BugMachine.Tests\NullReferenceBugTests.cs(57,6): error CS0246: The type or namespace name 'FactAttribute' could not be found (are you missing a using directive or an assembly reference?) [C:\Users\antep\devops-projekt\bugMachine\src\BugMachine.Tests\BugMachine.Tests.csproj]
C:\Users\antep\devops-projekt\bugMachine\src\BugMachine.Tests\NullReferenceBugTests.cs(57,6): error CS0246: The type or namespace name 'Fact' could not be found (are you missing a using directive or an assembly reference?) [C:\Users\antep\devops-projekt\bugMachine\src\BugMachine.Tests\BugMachine.Tests.csproj]
C:\Users\antep\devops-projekt\bugMachine\src\BugMachine.Tests\BinarySearchTests.cs(48,6): error CS0246: The type or namespace name 'FactAttribute' could not be found (are you missing a using directive or an assembly reference?) [C:\Users\antep\devops-projekt\bugMachine\src\BugMachine.Tests\BugMachine.Tests.csproj]
C:\Users\antep\devops-projekt\bugMachine\src\BugMachine.Tests\BinarySearchTests.cs(48,6): error CS0246: The type or namespace name 'Fact' could not be found (are you missing a using directive or an assembly reference?) [C:\Users\antep\devops-projekt\bugMachine\src\BugMachine.Tests\BugMachine.Tests.csproj]
C:\Users\antep\devops-projekt\bugMachine\src\BugMachine.Tests\NullReferenceBugTests.cs(63,6): error CS0246: The type or namespace name 'FactAttribute' could not be found (are you missing a using directive or an assembly reference?) [C:\Users\antep\devops-projekt\bugMachine\src\BugMachine.Tests\BugMachine.Tests.csproj]
C:\Users\antep\devops-projekt\bugMachine\src\BugMachine.Tests\NullReferenceBugTests.cs(63,6): error CS0246: The type or namespace name 'Fact' could not be found (are you missing a using directive or an assembly reference?) [C:\Users\antep\devops-projekt\bugMachine\src\BugMachine.Tests\BugMachine.Tests.csproj]
C:\Users\antep\devops-projekt\bugMachine\src\BugMachine.Tests\BinarySearchTests.cs(55,6): error CS0246: The type or namespace name 'FactAttribute' could not be found (are you missing a using directive or an assembly reference?) [C:\Users\antep\devops-projekt\bugMachine\src\BugMachine.Tests\BugMachine.Tests.csproj]
C:\Users\antep\devops-projekt\bugMachine\src\BugMachine.Tests\BinarySearchTests.cs(55,6): error CS0246: The type or namespace name 'Fact' could not be found (are you missing a using directive or an assembly reference?) [C:\Users\antep\devops-projekt\bugMachine\src\BugMachine.Tests\BugMachine.Tests.csproj]
C:\Users\antep\devops-projekt\bugMachine\src\BugMachine.Tests\StringReverseBugTests.cs(6,6): error CS0246: The type or namespace name 'FactAttribute' could not be found (are you missing a using directive or an assembly reference?) [C:\Users\antep\devops-projekt\bugMachine\src\BugMachine.Tests\BugMachine.Tests.csproj]
C:\Users\antep\devops-projekt\bugMachine\src\BugMachine.Tests\StringReverseBugTests.cs(6,6): error CS0246: The type or namespace name 'Fact' could not be found (are you missing a using directive or an assembly reference?) [C:\Users\antep\devops-projekt\bugMachine\src\BugMachine.Tests\BugMachine.Tests.csproj]
C:\Users\antep\devops-projekt\bugMachine\src\BugMachine.Tests\StackTests.cs(26,6): error CS0246: The type or namespace name 'FactAttribute' could not be found (are you missing a using directive or an assembly reference?) [C:\Users\antep\devops-projekt\bugMachine\src\BugMachine.Tests\BugMachine.Tests.csproj]
C:\Users\antep\devops-projekt\bugMachine\src\BugMachine.Tests\StackTests.cs(26,6): error CS0246: The type or namespace name 'Fact' could not be found (are you missing a using directive or an assembly reference?) [C:\Users\antep\devops-projekt\bugMachine\src\BugMachine.Tests\BugMachine.Tests.csproj]
C:\Users\antep\devops-projekt\bugMachine\src\BugMachine.Tests\StackTests.cs(37,6): error CS0246: The type or namespace name 'FactAttribute' could not be found (are you missing a using directive or an assembly reference?) [C:\Users\antep\devops-projekt\bugMachine\src\BugMachine.Tests\BugMachine.Tests.csproj]
C:\Users\antep\devops-projekt\bugMachine\src\BugMachine.Tests\StackTests.cs(37,6): error CS0246: The type or namespace name 'Fact' could not be found (are you missing a using directive or an assembly reference?) [C:\Users\antep\devops-projekt\bugMachine\src\BugMachine.Tests\BugMachine.Tests.csproj]
C:\Users\antep\devops-projekt\bugMachine\src\BugMachine.Tests\RecursionBugTests.cs(53,6): error CS0246: The type or namespace name 'FactAttribute' could not be found (are you missing a using directive or an assembly reference?) [C:\Users\antep\devops-projekt\bugMachine\src\BugMachine.Tests\BugMachine.Tests.csproj]
C:\Users\antep\devops-projekt\bugMachine\src\BugMachine.Tests\RecursionBugTests.cs(53,6): error CS0246: The type or namespace name 'Fact' could not be found (are you missing a using directive or an assembly reference?) [C:\Users\antep\devops-projekt\bugMachine\src\BugMachine.Tests\BugMachine.Tests.csproj]
C:\Users\antep\devops-projekt\bugMachine\src\BugMachine.Tests\StackTests.cs(47,6): error CS0246: The type or namespace name 'FactAttribute' could not be found (are you missing a using directive or an assembly reference?) [C:\Users\antep\devops-projekt\bugMachine\src\BugMachine.Tests\BugMachine.Tests.csproj]
C:\Users\antep\devops-projekt\bugMachine\src\BugMachine.Tests\StackTests.cs(47,6): error CS0246: The type or namespace name 'Fact' could not be found (are you missing a using directive or an assembly reference?) [C:\Users\antep\devops-projekt\bugMachine\src\BugMachine.Tests\BugMachine.Tests.csproj]
C:\Users\antep\devops-projekt\bugMachine\src\BugMachine.Tests\RecursionBugTests.cs(62,6): error CS0246: The type or namespace name 'FactAttribute' could not be found (are you missing a using directive or an assembly reference?) [C:\Users\antep\devops-projekt\bugMachine\src\BugMachine.Tests\BugMachine.Tests.csproj]
C:\Users\antep\devops-projekt\bugMachine\src\BugMachine.Tests\RecursionBugTests.cs(62,6): error CS0246: The type or namespace name 'Fact' could not be found (are you missing a using directive or an assembly reference?) [C:\Users\antep\devops-projekt\bugMachine\src\BugMachine.Tests\BugMachine.Tests.csproj]
C:\Users\antep\devops-projekt\bugMachine\src\BugMachine.Tests\StackTests.cs(57,6): error CS0246: The type or namespace name 'FactAttribute' could not be found (are you missing a using directive or an assembly reference?) [C:\Users\antep\devops-projekt\bugMachine\src\BugMachine.Tests\BugMachine.Tests.csproj]
C:\Users\antep\devops-projekt\bugMachine\src\BugMachine.Tests\StackTests.cs(57,6): error CS0246: The type or namespace name 'Fact' could not be found (are you missing a using directive or an assembly reference?) [C:\Users\antep\devops-projekt\bugMachine\src\BugMachine.Tests\BugMachine.Tests.csproj]
C:\Users\antep\devops-projekt\bugMachine\src\BugMachine.Tests\StackTests.cs(64,6): error CS0246: The type or namespace name 'FactAttribute' could not be found (are you missing a using directive or an assembly reference?) [C:\Users\antep\devops-projekt\bugMachine\src\BugMachine.Tests\BugMachine.Tests.csproj]
C:\Users\antep\devops-projekt\bugMachine\src\BugMachine.Tests\StackTests.cs(64,6): error CS0246: The type or namespace name 'Fact' could not be found (are you missing a using directive or an assembly reference?) [C:\Users\antep\devops-projekt\bugMachine\src\BugMachine.Tests\BugMachine.Tests.csproj]
C:\Users\antep\devops-projekt\bugMachine\src\BugMachine.Tests\StringReverseBugTests.cs(12,6): error CS0246: The type or namespace name 'FactAttribute' could not be found (are you missing a using directive or an assembly reference?) [C:\Users\antep\devops-projekt\bugMachine\src\BugMachine.Tests\BugMachine.Tests.csproj]
C:\Users\antep\devops-projekt\bugMachine\src\BugMachine.Tests\StringReverseBugTests.cs(12,6): error CS0246: The type or namespace name 'Fact' could not be found (are you missing a using directive or an assembly reference?) [C:\Users\antep\devops-projekt\bugMachine\src\BugMachine.Tests\BugMachine.Tests.csproj]
C:\Users\antep\devops-projekt\bugMachine\src\BugMachine.Tests\StringReverseBugTests.cs(18,6): error CS0246: The type or namespace name 'FactAttribute' could not be found (are you missing a using directive or an assembly reference?) [C:\Users\antep\devops-projekt\bugMachine\src\BugMachine.Tests\BugMachine.Tests.csproj]
C:\Users\antep\devops-projekt\bugMachine\src\BugMachine.Tests\StringReverseBugTests.cs(18,6): error CS0246: The type or namespace name 'Fact' could not be found (are you missing a using directive or an assembly reference?) [C:\Users\antep\devops-projekt\bugMachine\src\BugMachine.Tests\BugMachine.Tests.csproj]
C:\Users\antep\devops-projekt\bugMachine\src\BugMachine.Tests\StringReverseBugTests.cs(24,6): error CS0246: The type or namespace name 'FactAttribute' could not be found (are you missing a using directive or an assembly reference?) [C:\Users\antep\devops-projekt\bugMachine\src\BugMachine.Tests\BugMachine.Tests.csproj]
C:\Users\antep\devops-projekt\bugMachine\src\BugMachine.Tests\StringReverseBugTests.cs(24,6): error CS0246: The type or namespace name 'Fact' could not be found (are you missing a using directive or an assembly reference?) [C:\Users\antep\devops-projekt\bugMachine\src\BugMachine.Tests\BugMachine.Tests.csproj]
C:\Users\antep\devops-projekt\bugMachine\src\BugMachine.Tests\StringReverseBugTests.cs(30,6): error CS0246: The type or namespace name 'FactAttribute' could not be found (are you missing a using directive or an assembly reference?) [C:\Users\antep\devops-projekt\bugMachine\src\BugMachine.Tests\BugMachine.Tests.csproj]
C:\Users\antep\devops-projekt\bugMachine\src\BugMachine.Tests\StringReverseBugTests.cs(30,6): error CS0246: The type or namespace name 'Fact' could not be found (are you missing a using directive or an assembly reference?) [C:\Users\antep\devops-projekt\bugMachine\src\BugMachine.Tests\BugMachine.Tests.csproj]
C:\Users\antep\devops-projekt\bugMachine\src\BugMachine.Tests\StringReverseBugTests.cs(36,6): error CS0246: The type or namespace name 'FactAttribute' could not be found (are you missing a using directive or an assembly reference?) [C:\Users\antep\devops-projekt\bugMachine\src\BugMachine.Tests\BugMachine.Tests.csproj]
C:\Users\antep\devops-projekt\bugMachine\src\BugMachine.Tests\StringReverseBugTests.cs(36,6): error CS0246: The type or namespace name 'Fact' could not be found (are you missing a using directive or an assembly reference?) [C:\Users\antep\devops-projekt\bugMachine\src\BugMachine.Tests\BugMachine.Tests.csproj]
C:\Users\antep\devops-projekt\bugMachine\src\BugMachine.Tests\StringReverseBugTests.cs(42,6): error CS0246: The type or namespace name 'FactAttribute' could not be found (are you missing a using directive or an assembly reference?) [C:\Users\antep\devops-projekt\bugMachine\src\BugMachine.Tests\BugMachine.Tests.csproj]
C:\Users\antep\devops-projekt\bugMachine\src\BugMachine.Tests\StringReverseBugTests.cs(42,6): error CS0246: The type or namespace name 'Fact' could not be found (are you missing a using directive or an assembly reference?) [C:\Users\antep\devops-projekt\bugMachine\src\BugMachine.Tests\BugMachine.Tests.csproj]
C:\Users\antep\devops-projekt\bugMachine\src\BugMachine.Tests\QuickSortTests.cs(38,6): error CS0246: The type or namespace name 'FactAttribute' could not be found (are you missing a using directive or an assembly reference?) [C:\Users\antep\devops-projekt\bugMachine\src\BugMachine.Tests\BugMachine.Tests.csproj]
C:\Users\antep\devops-projekt\bugMachine\src\BugMachine.Tests\QuickSortTests.cs(38,6): error CS0246: The type or namespace name 'Fact' could not be found (are you missing a using directive or an assembly reference?) [C:\Users\antep\devops-projekt\bugMachine\src\BugMachine.Tests\BugMachine.Tests.csproj]
C:\Users\antep\devops-projekt\bugMachine\src\BugMachine.Tests\QuickSortTests.cs(46,6): error CS0246: The type or namespace name 'FactAttribute' could not be found (are you missing a using directive or an assembly reference?) [C:\Users\antep\devops-projekt\bugMachine\src\BugMachine.Tests\BugMachine.Tests.csproj]
C:\Users\antep\devops-projekt\bugMachine\src\BugMachine.Tests\QuickSortTests.cs(46,6): error CS0246: The type or namespace name 'Fact' could not be found (are you missing a using directive or an assembly reference?) [C:\Users\antep\devops-projekt\bugMachine\src\BugMachine.Tests\BugMachine.Tests.csproj]
C:\Users\antep\devops-projekt\bugMachine\src\BugMachine.Tests\TreeTraversalTests.cs(13,6): error CS0246: The type or namespace name 'FactAttribute' could not be found (are you missing a using directive or an assembly reference?) [C:\Users\antep\devops-projekt\bugMachine\src\BugMachine.Tests\BugMachine.Tests.csproj]
C:\Users\antep\devops-projekt\bugMachine\src\BugMachine.Tests\TreeTraversalTests.cs(13,6): error CS0246: The type or namespace name 'Fact' could not be found (are you missing a using directive or an assembly reference?) [C:\Users\antep\devops-projekt\bugMachine\src\BugMachine.Tests\BugMachine.Tests.csproj]
C:\Users\antep\devops-projekt\bugMachine\src\BugMachine.Tests\TreeTraversalTests.cs(22,6): error CS0246: The type or namespace name 'FactAttribute' could not be found (are you missing a using directive or an assembly reference?) [C:\Users\antep\devops-projekt\bugMachine\src\BugMachine.Tests\BugMachine.Tests.csproj]
C:\Users\antep\devops-projekt\bugMachine\src\BugMachine.Tests\TreeTraversalTests.cs(22,6): error CS0246: The type or namespace name 'Fact' could not be found (are you missing a using directive or an assembly reference?) [C:\Users\antep\devops-projekt\bugMachine\src\BugMachine.Tests\BugMachine.Tests.csproj]
C:\Users\antep\devops-projekt\bugMachine\src\BugMachine.Tests\TreeTraversalTests.cs(29,6): error CS0246: The type or namespace name 'FactAttribute' could not be found (are you missing a using directive or an assembly reference?) [C:\Users\antep\devops-projekt\bugMachine\src\BugMachine.Tests\BugMachine.Tests.csproj]
C:\Users\antep\devops-projekt\bugMachine\src\BugMachine.Tests\TreeTraversalTests.cs(29,6): error CS0246: The type or namespace name 'Fact' could not be found (are you missing a using directive or an assembly reference?) [C:\Users\antep\devops-projekt\bugMachine\src\BugMachine.Tests\BugMachine.Tests.csproj]
C:\Users\antep\devops-projekt\bugMachine\src\BugMachine.Tests\TreeTraversalTests.cs(36,6): error CS0246: The type or namespace name 'FactAttribute' could not be found (are you missing a using directive or an assembly reference?) [C:\Users\antep\devops-projekt\bugMachine\src\BugMachine.Tests\BugMachine.Tests.csproj]
C:\Users\antep\devops-projekt\bugMachine\src\BugMachine.Tests\TreeTraversalTests.cs(36,6): error CS0246: The type or namespace name 'Fact' could not be found (are you missing a using directive or an assembly reference?) [C:\Users\antep\devops-projekt\bugMachine\src\BugMachine.Tests\BugMachine.Tests.csproj]
C:\Users\antep\devops-projekt\bugMachine\src\BugMachine.Tests\TreeTraversalTests.cs(44,6): error CS0246: The type or namespace name 'FactAttribute' could not be found (are you missing a using directive or an assembly reference?) [C:\Users\antep\devops-projekt\bugMachine\src\BugMachine.Tests\BugMachine.Tests.csproj]
C:\Users\antep\devops-projekt\bugMachine\src\BugMachine.Tests\TreeTraversalTests.cs(44,6): error CS0246: The type or namespace name 'Fact' could not be found (are you missing a using directive or an assembly reference?) [C:\Users\antep\devops-projekt\bugMachine\src\BugMachine.Tests\BugMachine.Tests.csproj]
C:\Users\antep\devops-projekt\bugMachine\src\BugMachine.Tests\TreeTraversalTests.cs(53,6): error CS0246: The type or namespace name 'FactAttribute' could not be found (are you missing a using directive or an assembly reference?) [C:\Users\antep\devops-projekt\bugMachine\src\BugMachine.Tests\BugMachine.Tests.csproj]
C:\Users\antep\devops-projekt\bugMachine\src\BugMachine.Tests\TreeTraversalTests.cs(53,6): error CS0246: The type or namespace name 'Fact' could not be found (are you missing a using directive or an assembly reference?) [C:\Users\antep\devops-projekt\bugMachine\src\BugMachine.Tests\BugMachine.Tests.csproj]
C:\Users\antep\devops-projekt\bugMachine\src\BugMachine.Tests\TreeTraversalTests.cs(60,6): error CS0246: The type or namespace name 'FactAttribute' could not be found (are you missing a using directive or an assembly reference?) [C:\Users\antep\devops-projekt\bugMachine\src\BugMachine.Tests\BugMachine.Tests.csproj]
C:\Users\antep\devops-projekt\bugMachine\src\BugMachine.Tests\TreeTraversalTests.cs(60,6): error CS0246: The type or namespace name 'Fact' could not be found (are you missing a using directive or an assembly reference?) [C:\Users\antep\devops-projekt\bugMachine\src\BugMachine.Tests\BugMachine.Tests.csproj]

Build FAILED.

C:\Users\antep\devops-projekt\bugMachine\src\BugMachine.Current\AsyncAwaitBug.cs(11,31): warning CS1998: This async method lacks 'await' operators and will run synchronously. Consider using the 'await' operator to await non-blocking API calls, or 'await Task.Run(...)' to do CPU-bound work on a background thread. [C:\Users\antep\devops-projekt\bugMachine\src\BugMachine.Current\BugMachine.Current.csproj]
C:\Users\antep\devops-projekt\bugMachine\src\BugMachine.Current\AsyncAwaitBug.cs(19,37): warning CS1998: This async method lacks 'await' operators and will run synchronously. Consider using the 'await' operator to await non-blocking API calls, or 'await Task.Run(...)' to do CPU-bound work on a background thread. [C:\Users\antep\devops-projekt\bugMachine\src\BugMachine.Current\BugMachine.Current.csproj]
C:\Users\antep\devops-projekt\bugMachine\src\BugMachine.Current\NullReferenceBug.cs(13,16): warning CS8602: Dereference of a possibly null reference. [C:\Users\antep\devops-projekt\bugMachine\src\BugMachine.Current\BugMachine.Current.csproj]
C:\Users\antep\devops-projekt\bugMachine\src\BugMachine.Current\NullReferenceBug.cs(20,16): warning CS8602: Dereference of a possibly null reference. [C:\Users\antep\devops-projekt\bugMachine\src\BugMachine.Current\BugMachine.Current.csproj]
C:\Users\antep\devops-projekt\bugMachine\src\BugMachine.Tests\BubbleSortTests.cs(6,6): error CS0246: The type or namespace name 'FactAttribute' could not be found (are you missing a using directive or an assembly reference?) [C:\Users\antep\devops-projekt\bugMachine\src\BugMachine.Tests\BugMachine.Tests.csproj]
C:\Users\antep\devops-projekt\bugMachine\src\BugMachine.Tests\BubbleSortTests.cs(6,6): error CS0246: The type or namespace name 'Fact' could not be found (are you missing a using directive or an assembly reference?) [C:\Users\antep\devops-projekt\bugMachine\src\BugMachine.Tests\BugMachine.Tests.csproj]
C:\Users\antep\devops-projekt\bugMachine\src\BugMachine.Tests\BubbleSortTests.cs(14,6): error CS0246: The type or namespace name 'FactAttribute' could not be found (are you missing a using directive or an assembly reference?) [C:\Users\antep\devops-projekt\bugMachine\src\BugMachine.Tests\BugMachine.Tests.csproj]
C:\Users\antep\devops-projekt\bugMachine\src\BugMachine.Tests\BubbleSortTests.cs(14,6): error CS0246: The type or namespace name 'Fact' could not be found (are you missing a using directive or an assembly reference?) [C:\Users\antep\devops-projekt\bugMachine\src\BugMachine.Tests\BugMachine.Tests.csproj]
C:\Users\antep\devops-projekt\bugMachine\src\BugMachine.Tests\AsyncAwaitBugTests.cs(6,6): error CS0246: The type or namespace name 'FactAttribute' could not be found (are you missing a using directive or an assembly reference?) [C:\Users\antep\devops-projekt\bugMachine\src\BugMachine.Tests\BugMachine.Tests.csproj]
C:\Users\antep\devops-projekt\bugMachine\src\BugMachine.Tests\AsyncAwaitBugTests.cs(6,6): error CS0246: The type or namespace name 'Fact' could not be found (are you missing a using directive or an assembly reference?) [C:\Users\antep\devops-projekt\bugMachine\src\BugMachine.Tests\BugMachine.Tests.csproj]
C:\Users\antep\devops-projekt\bugMachine\src\BugMachine.Tests\AsyncAwaitBugTests.cs(16,6): error CS0246: The type or namespace name 'FactAttribute' could not be found (are you missing a using directive or an assembly reference?) [C:\Users\antep\devops-projekt\bugMachine\src\BugMachine.Tests\BugMachine.Tests.csproj]
C:\Users\antep\devops-projekt\bugMachine\src\BugMachine.Tests\AsyncAwaitBugTests.cs(16,6): error CS0246: The type or namespace name 'Fact' could not be found (are you missing a using directive or an assembly reference?) [C:\Users\antep\devops-projekt\bugMachine\src\BugMachine.Tests\BugMachine.Tests.csproj]
C:\Users\antep\devops-projekt\bugMachine\src\BugMachine.Tests\DictionaryBugTests.cs(6,6): error CS0246: The type or namespace name 'FactAttribute' could not be found (are you missing a using directive or an assembly reference?) [C:\Users\antep\devops-projekt\bugMachine\src\BugMachine.Tests\BugMachine.Tests.csproj]
C:\Users\antep\devops-projekt\bugMachine\src\BugMachine.Tests\DictionaryBugTests.cs(6,6): error CS0246: The type or namespace name 'Fact' could not be found (are you missing a using directive or an assembly reference?) [C:\Users\antep\devops-projekt\bugMachine\src\BugMachine.Tests\BugMachine.Tests.csproj]
C:\Users\antep\devops-projekt\bugMachine\src\BugMachine.Tests\DictionaryBugTests.cs(13,6): error CS0246: The type or namespace name 'FactAttribute' could not be found (are you missing a using directive or an assembly reference?) [C:\Users\antep\devops-projekt\bugMachine\src\BugMachine.Tests\BugMachine.Tests.csproj]
C:\Users\antep\devops-projekt\bugMachine\src\BugMachine.Tests\DictionaryBugTests.cs(13,6): error CS0246: The type or namespace name 'Fact' could not be found (are you missing a using directive or an assembly reference?) [C:\Users\antep\devops-projekt\bugMachine\src\BugMachine.Tests\BugMachine.Tests.csproj]
C:\Users\antep\devops-projekt\bugMachine\src\BugMachine.Tests\BubbleSortTests.cs(22,6): error CS0246: The type or namespace name 'FactAttribute' could not be found (are you missing a using directive or an assembly reference?) [C:\Users\antep\devops-projekt\bugMachine\src\BugMachine.Tests\BugMachine.Tests.csproj]
C:\Users\antep\devops-projekt\bugMachine\src\BugMachine.Tests\BubbleSortTests.cs(22,6): error CS0246: The type or namespace name 'Fact' could not be found (are you missing a using directive or an assembly reference?) [C:\Users\antep\devops-projekt\bugMachine\src\BugMachine.Tests\BugMachine.Tests.csproj]
C:\Users\antep\devops-projekt\bugMachine\src\BugMachine.Tests\DictionaryBugTests.cs(21,6): error CS0246: The type or namespace name 'FactAttribute' could not be found (are you missing a using directive or an assembly reference?) [C:\Users\antep\devops-projekt\bugMachine\src\BugMachine.Tests\BugMachine.Tests.csproj]
C:\Users\antep\devops-projekt\bugMachine\src\BugMachine.Tests\DictionaryBugTests.cs(21,6): error CS0246: The type or namespace name 'Fact' could not be found (are you missing a using directive or an assembly reference?) [C:\Users\antep\devops-projekt\bugMachine\src\BugMachine.Tests\BugMachine.Tests.csproj]
C:\Users\antep\devops-projekt\bugMachine\src\BugMachine.Tests\DictionaryBugTests.cs(28,6): error CS0246: The type or namespace name 'FactAttribute' could not be found (are you missing a using directive or an assembly reference?) [C:\Users\antep\devops-projekt\bugMachine\src\BugMachine.Tests\BugMachine.Tests.csproj]
C:\Users\antep\devops-projekt\bugMachine\src\BugMachine.Tests\DictionaryBugTests.cs(28,6): error CS0246: The type or namespace name 'Fact' could not be found (are you missing a using directive or an assembly reference?) [C:\Users\antep\devops-projekt\bugMachine\src\BugMachine.Tests\BugMachine.Tests.csproj]
C:\Users\antep\devops-projekt\bugMachine\src\BugMachine.Tests\BubbleSortTests.cs(30,6): error CS0246: The type or namespace name 'FactAttribute' could not be found (are you missing a using directive or an assembly reference?) [C:\Users\antep\devops-projekt\bugMachine\src\BugMachine.Tests\BugMachine.Tests.csproj]
C:\Users\antep\devops-projekt\bugMachine\src\BugMachine.Tests\BubbleSortTests.cs(30,6): error CS0246: The type or namespace name 'Fact' could not be found (are you missing a using directive or an assembly reference?) [C:\Users\antep\devops-projekt\bugMachine\src\BugMachine.Tests\BugMachine.Tests.csproj]
C:\Users\antep\devops-projekt\bugMachine\src\BugMachine.Tests\BubbleSortTests.cs(38,6): error CS0246: The type or namespace name 'FactAttribute' could not be found (are you missing a using directive or an assembly reference?) [C:\Users\antep\devops-projekt\bugMachine\src\BugMachine.Tests\BugMachine.Tests.csproj]
C:\Users\antep\devops-projekt\bugMachine\src\BugMachine.Tests\BubbleSortTests.cs(38,6): error CS0246: The type or namespace name 'Fact' could not be found (are you missing a using directive or an assembly reference?) [C:\Users\antep\devops-projekt\bugMachine\src\BugMachine.Tests\BugMachine.Tests.csproj]
C:\Users\antep\devops-projekt\bugMachine\src\BugMachine.Tests\DictionaryBugTests.cs(36,6): error CS0246: The type or namespace name 'FactAttribute' could not be found (are you missing a using directive or an assembly reference?) [C:\Users\antep\devops-projekt\bugMachine\src\BugMachine.Tests\BugMachine.Tests.csproj]
C:\Users\antep\devops-projekt\bugMachine\src\BugMachine.Tests\DictionaryBugTests.cs(36,6): error CS0246: The type or namespace name 'Fact' could not be found (are you missing a using directive or an assembly reference?) [C:\Users\antep\devops-projekt\bugMachine\src\BugMachine.Tests\BugMachine.Tests.csproj]
C:\Users\antep\devops-projekt\bugMachine\src\BugMachine.Tests\DictionaryBugTests.cs(44,6): error CS0246: The type or namespace name 'FactAttribute' could not be found (are you missing a using directive or an assembly reference?) [C:\Users\antep\devops-projekt\bugMachine\src\BugMachine.Tests\BugMachine.Tests.csproj]
C:\Users\antep\devops-projekt\bugMachine\src\BugMachine.Tests\BubbleSortTests.cs(46,6): error CS0246: The type or namespace name 'FactAttribute' could not be found (are you missing a using directive or an assembly reference?) [C:\Users\antep\devops-projekt\bugMachine\src\BugMachine.Tests\BugMachine.Tests.csproj]
C:\Users\antep\devops-projekt\bugMachine\src\BugMachine.Tests\DictionaryBugTests.cs(44,6): error CS0246: The type or namespace name 'Fact' could not be found (are you missing a using directive or an assembly reference?) [C:\Users\antep\devops-projekt\bugMachine\src\BugMachine.Tests\BugMachine.Tests.csproj]
C:\Users\antep\devops-projekt\bugMachine\src\BugMachine.Tests\BubbleSortTests.cs(46,6): error CS0246: The type or namespace name 'Fact' could not be found (are you missing a using directive or an assembly reference?) [C:\Users\antep\devops-projekt\bugMachine\src\BugMachine.Tests\BugMachine.Tests.csproj]
C:\Users\antep\devops-projekt\bugMachine\src\BugMachine.Tests\AsyncAwaitBugTests.cs(29,6): error CS0246: The type or namespace name 'FactAttribute' could not be found (are you missing a using directive or an assembly reference?) [C:\Users\antep\devops-projekt\bugMachine\src\BugMachine.Tests\BugMachine.Tests.csproj]
C:\Users\antep\devops-projekt\bugMachine\src\BugMachine.Tests\AsyncAwaitBugTests.cs(29,6): error CS0246: The type or namespace name 'Fact' could not be found (are you missing a using directive or an assembly reference?) [C:\Users\antep\devops-projekt\bugMachine\src\BugMachine.Tests\BugMachine.Tests.csproj]
C:\Users\antep\devops-projekt\bugMachine\src\BugMachine.Tests\LinqBugTests.cs(6,6): error CS0246: The type or namespace name 'FactAttribute' could not be found (are you missing a using directive or an assembly reference?) [C:\Users\antep\devops-projekt\bugMachine\src\BugMachine.Tests\BugMachine.Tests.csproj]
C:\Users\antep\devops-projekt\bugMachine\src\BugMachine.Tests\LinqBugTests.cs(6,6): error CS0246: The type or namespace name 'Fact' could not be found (are you missing a using directive or an assembly reference?) [C:\Users\antep\devops-projekt\bugMachine\src\BugMachine.Tests\BugMachine.Tests.csproj]
C:\Users\antep\devops-projekt\bugMachine\src\BugMachine.Tests\DictionaryBugTests.cs(51,6): error CS0246: The type or namespace name 'FactAttribute' could not be found (are you missing a using directive or an assembly reference?) [C:\Users\antep\devops-projekt\bugMachine\src\BugMachine.Tests\BugMachine.Tests.csproj]
C:\Users\antep\devops-projekt\bugMachine\src\BugMachine.Tests\DictionaryBugTests.cs(51,6): error CS0246: The type or namespace name 'Fact' could not be found (are you missing a using directive or an assembly reference?) [C:\Users\antep\devops-projekt\bugMachine\src\BugMachine.Tests\BugMachine.Tests.csproj]
C:\Users\antep\devops-projekt\bugMachine\src\BugMachine.Tests\BinarySearchTests.cs(6,6): error CS0246: The type or namespace name 'FactAttribute' could not be found (are you missing a using directive or an assembly reference?) [C:\Users\antep\devops-projekt\bugMachine\src\BugMachine.Tests\BugMachine.Tests.csproj]
C:\Users\antep\devops-projekt\bugMachine\src\BugMachine.Tests\BinarySearchTests.cs(6,6): error CS0246: The type or namespace name 'Fact' could not be found (are you missing a using directive or an assembly reference?) [C:\Users\antep\devops-projekt\bugMachine\src\BugMachine.Tests\BugMachine.Tests.csproj]
C:\Users\antep\devops-projekt\bugMachine\src\BugMachine.Tests\MergeSortTests.cs(6,6): error CS0246: The type or namespace name 'FactAttribute' could not be found (are you missing a using directive or an assembly reference?) [C:\Users\antep\devops-projekt\bugMachine\src\BugMachine.Tests\BugMachine.Tests.csproj]
C:\Users\antep\devops-projekt\bugMachine\src\BugMachine.Tests\MergeSortTests.cs(6,6): error CS0246: The type or namespace name 'Fact' could not be found (are you missing a using directive or an assembly reference?) [C:\Users\antep\devops-projekt\bugMachine\src\BugMachine.Tests\BugMachine.Tests.csproj]
C:\Users\antep\devops-projekt\bugMachine\src\BugMachine.Tests\BinarySearchTests.cs(13,6): error CS0246: The type or namespace name 'FactAttribute' could not be found (are you missing a using directive or an assembly reference?) [C:\Users\antep\devops-projekt\bugMachine\src\BugMachine.Tests\BugMachine.Tests.csproj]
C:\Users\antep\devops-projekt\bugMachine\src\BugMachine.Tests\BinarySearchTests.cs(13,6): error CS0246: The type or namespace name 'Fact' could not be found (are you missing a using directive or an assembly reference?) [C:\Users\antep\devops-projekt\bugMachine\src\BugMachine.Tests\BugMachine.Tests.csproj]
C:\Users\antep\devops-projekt\bugMachine\src\BugMachine.Tests\MergeSortTests.cs(13,6): error CS0246: The type or namespace name 'FactAttribute' could not be found (are you missing a using directive or an assembly reference?) [C:\Users\antep\devops-projekt\bugMachine\src\BugMachine.Tests\BugMachine.Tests.csproj]
C:\Users\antep\devops-projekt\bugMachine\src\BugMachine.Tests\MergeSortTests.cs(13,6): error CS0246: The type or namespace name 'Fact' could not be found (are you missing a using directive or an assembly reference?) [C:\Users\antep\devops-projekt\bugMachine\src\BugMachine.Tests\BugMachine.Tests.csproj]
C:\Users\antep\devops-projekt\bugMachine\src\BugMachine.Tests\LinqBugTests.cs(13,6): error CS0246: The type or namespace name 'FactAttribute' could not be found (are you missing a using directive or an assembly reference?) [C:\Users\antep\devops-projekt\bugMachine\src\BugMachine.Tests\BugMachine.Tests.csproj]
C:\Users\antep\devops-projekt\bugMachine\src\BugMachine.Tests\LinqBugTests.cs(13,6): error CS0246: The type or namespace name 'Fact' could not be found (are you missing a using directive or an assembly reference?) [C:\Users\antep\devops-projekt\bugMachine\src\BugMachine.Tests\BugMachine.Tests.csproj]
C:\Users\antep\devops-projekt\bugMachine\src\BugMachine.Tests\LinkedListTests.cs(6,6): error CS0246: The type or namespace name 'FactAttribute' could not be found (are you missing a using directive or an assembly reference?) [C:\Users\antep\devops-projekt\bugMachine\src\BugMachine.Tests\BugMachine.Tests.csproj]
C:\Users\antep\devops-projekt\bugMachine\src\BugMachine.Tests\LinkedListTests.cs(6,6): error CS0246: The type or namespace name 'Fact' could not be found (are you missing a using directive or an assembly reference?) [C:\Users\antep\devops-projekt\bugMachine\src\BugMachine.Tests\BugMachine.Tests.csproj]
C:\Users\antep\devops-projekt\bugMachine\src\BugMachine.Tests\MergeSortTests.cs(20,6): error CS0246: The type or namespace name 'FactAttribute' could not be found (are you missing a using directive or an assembly reference?) [C:\Users\antep\devops-projekt\bugMachine\src\BugMachine.Tests\BugMachine.Tests.csproj]
C:\Users\antep\devops-projekt\bugMachine\src\BugMachine.Tests\MergeSortTests.cs(20,6): error CS0246: The type or namespace name 'Fact' could not be found (are you missing a using directive or an assembly reference?) [C:\Users\antep\devops-projekt\bugMachine\src\BugMachine.Tests\BugMachine.Tests.csproj]
C:\Users\antep\devops-projekt\bugMachine\src\BugMachine.Tests\LinkedListTests.cs(16,6): error CS0246: The type or namespace name 'FactAttribute' could not be found (are you missing a using directive or an assembly reference?) [C:\Users\antep\devops-projekt\bugMachine\src\BugMachine.Tests\BugMachine.Tests.csproj]
C:\Users\antep\devops-projekt\bugMachine\src\BugMachine.Tests\LinkedListTests.cs(16,6): error CS0246: The type or namespace name 'Fact' could not be found (are you missing a using directive or an assembly reference?) [C:\Users\antep\devops-projekt\bugMachine\src\BugMachine.Tests\BugMachine.Tests.csproj]
C:\Users\antep\devops-projekt\bugMachine\src\BugMachine.Tests\MergeSortTests.cs(27,6): error CS0246: The type or namespace name 'FactAttribute' could not be found (are you missing a using directive or an assembly reference?) [C:\Users\antep\devops-projekt\bugMachine\src\BugMachine.Tests\BugMachine.Tests.csproj]
C:\Users\antep\devops-projekt\bugMachine\src\BugMachine.Tests\MergeSortTests.cs(27,6): error CS0246: The type or namespace name 'Fact' could not be found (are you missing a using directive or an assembly reference?) [C:\Users\antep\devops-projekt\bugMachine\src\BugMachine.Tests\BugMachine.Tests.csproj]
C:\Users\antep\devops-projekt\bugMachine\src\BugMachine.Tests\LinkedListTests.cs(28,6): error CS0246: The type or namespace name 'FactAttribute' could not be found (are you missing a using directive or an assembly reference?) [C:\Users\antep\devops-projekt\bugMachine\src\BugMachine.Tests\BugMachine.Tests.csproj]
C:\Users\antep\devops-projekt\bugMachine\src\BugMachine.Tests\LinkedListTests.cs(28,6): error CS0246: The type or namespace name 'Fact' could not be found (are you missing a using directive or an assembly reference?) [C:\Users\antep\devops-projekt\bugMachine\src\BugMachine.Tests\BugMachine.Tests.csproj]
C:\Users\antep\devops-projekt\bugMachine\src\BugMachine.Tests\MergeSortTests.cs(34,6): error CS0246: The type or namespace name 'FactAttribute' could not be found (are you missing a using directive or an assembly reference?) [C:\Users\antep\devops-projekt\bugMachine\src\BugMachine.Tests\BugMachine.Tests.csproj]
C:\Users\antep\devops-projekt\bugMachine\src\BugMachine.Tests\MergeSortTests.cs(34,6): error CS0246: The type or namespace name 'Fact' could not be found (are you missing a using directive or an assembly reference?) [C:\Users\antep\devops-projekt\bugMachine\src\BugMachine.Tests\BugMachine.Tests.csproj]
C:\Users\antep\devops-projekt\bugMachine\src\BugMachine.Tests\LinkedListTests.cs(38,6): error CS0246: The type or namespace name 'FactAttribute' could not be found (are you missing a using directive or an assembly reference?) [C:\Users\antep\devops-projekt\bugMachine\src\BugMachine.Tests\BugMachine.Tests.csproj]
C:\Users\antep\devops-projekt\bugMachine\src\BugMachine.Tests\LinkedListTests.cs(38,6): error CS0246: The type or namespace name 'Fact' could not be found (are you missing a using directive or an assembly reference?) [C:\Users\antep\devops-projekt\bugMachine\src\BugMachine.Tests\BugMachine.Tests.csproj]
C:\Users\antep\devops-projekt\bugMachine\src\BugMachine.Tests\LinkedListTests.cs(48,6): error CS0246: The type or namespace name 'FactAttribute' could not be found (are you missing a using directive or an assembly reference?) [C:\Users\antep\devops-projekt\bugMachine\src\BugMachine.Tests\BugMachine.Tests.csproj]
C:\Users\antep\devops-projekt\bugMachine\src\BugMachine.Tests\LinkedListTests.cs(48,6): error CS0246: The type or namespace name 'Fact' could not be found (are you missing a using directive or an assembly reference?) [C:\Users\antep\devops-projekt\bugMachine\src\BugMachine.Tests\BugMachine.Tests.csproj]
C:\Users\antep\devops-projekt\bugMachine\src\BugMachine.Tests\MergeSortTests.cs(41,6): error CS0246: The type or namespace name 'FactAttribute' could not be found (are you missing a using directive or an assembly reference?) [C:\Users\antep\devops-projekt\bugMachine\src\BugMachine.Tests\BugMachine.Tests.csproj]
C:\Users\antep\devops-projekt\bugMachine\src\BugMachine.Tests\MergeSortTests.cs(41,6): error CS0246: The type or namespace name 'Fact' could not be found (are you missing a using directive or an assembly reference?) [C:\Users\antep\devops-projekt\bugMachine\src\BugMachine.Tests\BugMachine.Tests.csproj]
C:\Users\antep\devops-projekt\bugMachine\src\BugMachine.Tests\LinkedListTests.cs(59,6): error CS0246: The type or namespace name 'FactAttribute' could not be found (are you missing a using directive or an assembly reference?) [C:\Users\antep\devops-projekt\bugMachine\src\BugMachine.Tests\BugMachine.Tests.csproj]
C:\Users\antep\devops-projekt\bugMachine\src\BugMachine.Tests\LinkedListTests.cs(59,6): error CS0246: The type or namespace name 'Fact' could not be found (are you missing a using directive or an assembly reference?) [C:\Users\antep\devops-projekt\bugMachine\src\BugMachine.Tests\BugMachine.Tests.csproj]
C:\Users\antep\devops-projekt\bugMachine\src\BugMachine.Tests\LinqBugTests.cs(22,6): error CS0246: The type or namespace name 'FactAttribute' could not be found (are you missing a using directive or an assembly reference?) [C:\Users\antep\devops-projekt\bugMachine\src\BugMachine.Tests\BugMachine.Tests.csproj]
C:\Users\antep\devops-projekt\bugMachine\src\BugMachine.Tests\LinqBugTests.cs(22,6): error CS0246: The type or namespace name 'Fact' could not be found (are you missing a using directive or an assembly reference?) [C:\Users\antep\devops-projekt\bugMachine\src\BugMachine.Tests\BugMachine.Tests.csproj]
C:\Users\antep\devops-projekt\bugMachine\src\BugMachine.Tests\LinqBugTests.cs(30,6): error CS0246: The type or namespace name 'FactAttribute' could not be found (are you missing a using directive or an assembly reference?) [C:\Users\antep\devops-projekt\bugMachine\src\BugMachine.Tests\BugMachine.Tests.csproj]
C:\Users\antep\devops-projekt\bugMachine\src\BugMachine.Tests\LinqBugTests.cs(30,6): error CS0246: The type or namespace name 'Fact' could not be found (are you missing a using directive or an assembly reference?) [C:\Users\antep\devops-projekt\bugMachine\src\BugMachine.Tests\BugMachine.Tests.csproj]
C:\Users\antep\devops-projekt\bugMachine\src\BugMachine.Tests\MergeSortTests.cs(48,6): error CS0246: The type or namespace name 'FactAttribute' could not be found (are you missing a using directive or an assembly reference?) [C:\Users\antep\devops-projekt\bugMachine\src\BugMachine.Tests\BugMachine.Tests.csproj]
C:\Users\antep\devops-projekt\bugMachine\src\BugMachine.Tests\MergeSortTests.cs(48,6): error CS0246: The type or namespace name 'Fact' could not be found (are you missing a using directive or an assembly reference?) [C:\Users\antep\devops-projekt\bugMachine\src\BugMachine.Tests\BugMachine.Tests.csproj]
C:\Users\antep\devops-projekt\bugMachine\src\BugMachine.Tests\LinqBugTests.cs(37,6): error CS0246: The type or namespace name 'FactAttribute' could not be found (are you missing a using directive or an assembly reference?) [C:\Users\antep\devops-projekt\bugMachine\src\BugMachine.Tests\BugMachine.Tests.csproj]
C:\Users\antep\devops-projekt\bugMachine\src\BugMachine.Tests\LinqBugTests.cs(37,6): error CS0246: The type or namespace name 'Fact' could not be found (are you missing a using directive or an assembly reference?) [C:\Users\antep\devops-projekt\bugMachine\src\BugMachine.Tests\BugMachine.Tests.csproj]
C:\Users\antep\devops-projekt\bugMachine\src\BugMachine.Tests\LinkedListTests.cs(71,6): error CS0246: The type or namespace name 'FactAttribute' could not be found (are you missing a using directive or an assembly reference?) [C:\Users\antep\devops-projekt\bugMachine\src\BugMachine.Tests\BugMachine.Tests.csproj]
C:\Users\antep\devops-projekt\bugMachine\src\BugMachine.Tests\LinkedListTests.cs(71,6): error CS0246: The type or namespace name 'Fact' could not be found (are you missing a using directive or an assembly reference?) [C:\Users\antep\devops-projekt\bugMachine\src\BugMachine.Tests\BugMachine.Tests.csproj]
C:\Users\antep\devops-projekt\bugMachine\src\BugMachine.Tests\LinqBugTests.cs(44,6): error CS0246: The type or namespace name 'FactAttribute' could not be found (are you missing a using directive or an assembly reference?) [C:\Users\antep\devops-projekt\bugMachine\src\BugMachine.Tests\BugMachine.Tests.csproj]
C:\Users\antep\devops-projekt\bugMachine\src\BugMachine.Tests\LinqBugTests.cs(44,6): error CS0246: The type or namespace name 'Fact' could not be found (are you missing a using directive or an assembly reference?) [C:\Users\antep\devops-projekt\bugMachine\src\BugMachine.Tests\BugMachine.Tests.csproj]
C:\Users\antep\devops-projekt\bugMachine\src\BugMachine.Tests\MinHeapTests.cs(6,6): error CS0246: The type or namespace name 'FactAttribute' could not be found (are you missing a using directive or an assembly reference?) [C:\Users\antep\devops-projekt\bugMachine\src\BugMachine.Tests\BugMachine.Tests.csproj]
C:\Users\antep\devops-projekt\bugMachine\src\BugMachine.Tests\MinHeapTests.cs(6,6): error CS0246: The type or namespace name 'Fact' could not be found (are you missing a using directive or an assembly reference?) [C:\Users\antep\devops-projekt\bugMachine\src\BugMachine.Tests\BugMachine.Tests.csproj]
C:\Users\antep\devops-projekt\bugMachine\src\BugMachine.Tests\LinkedListTests.cs(79,6): error CS0246: The type or namespace name 'FactAttribute' could not be found (are you missing a using directive or an assembly reference?) [C:\Users\antep\devops-projekt\bugMachine\src\BugMachine.Tests\BugMachine.Tests.csproj]
C:\Users\antep\devops-projekt\bugMachine\src\BugMachine.Tests\LinkedListTests.cs(79,6): error CS0246: The type or namespace name 'Fact' could not be found (are you missing a using directive or an assembly reference?) [C:\Users\antep\devops-projekt\bugMachine\src\BugMachine.Tests\BugMachine.Tests.csproj]
C:\Users\antep\devops-projekt\bugMachine\src\BugMachine.Tests\MinHeapTests.cs(23,6): error CS0246: The type or namespace name 'FactAttribute' could not be found (are you missing a using directive or an assembly reference?) [C:\Users\antep\devops-projekt\bugMachine\src\BugMachine.Tests\BugMachine.Tests.csproj]
C:\Users\antep\devops-projekt\bugMachine\src\BugMachine.Tests\MinHeapTests.cs(23,6): error CS0246: The type or namespace name 'Fact' could not be found (are you missing a using directive or an assembly reference?) [C:\Users\antep\devops-projekt\bugMachine\src\BugMachine.Tests\BugMachine.Tests.csproj]
C:\Users\antep\devops-projekt\bugMachine\src\BugMachine.Tests\LinkedListTests.cs(87,6): error CS0246: The type or namespace name 'FactAttribute' could not be found (are you missing a using directive or an assembly reference?) [C:\Users\antep\devops-projekt\bugMachine\src\BugMachine.Tests\BugMachine.Tests.csproj]
C:\Users\antep\devops-projekt\bugMachine\src\BugMachine.Tests\LinkedListTests.cs(87,6): error CS0246: The type or namespace name 'Fact' could not be found (are you missing a using directive or an assembly reference?) [C:\Users\antep\devops-projekt\bugMachine\src\BugMachine.Tests\BugMachine.Tests.csproj]
C:\Users\antep\devops-projekt\bugMachine\src\BugMachine.Tests\MinHeapTests.cs(35,6): error CS0246: The type or namespace name 'FactAttribute' could not be found (are you missing a using directive or an assembly reference?) [C:\Users\antep\devops-projekt\bugMachine\src\BugMachine.Tests\BugMachine.Tests.csproj]
C:\Users\antep\devops-projekt\bugMachine\src\BugMachine.Tests\MinHeapTests.cs(35,6): error CS0246: The type or namespace name 'Fact' could not be found (are you missing a using directive or an assembly reference?) [C:\Users\antep\devops-projekt\bugMachine\src\BugMachine.Tests\BugMachine.Tests.csproj]
C:\Users\antep\devops-projekt\bugMachine\src\BugMachine.Tests\MinHeapTests.cs(42,6): error CS0246: The type or namespace name 'FactAttribute' could not be found (are you missing a using directive or an assembly reference?) [C:\Users\antep\devops-projekt\bugMachine\src\BugMachine.Tests\BugMachine.Tests.csproj]
C:\Users\antep\devops-projekt\bugMachine\src\BugMachine.Tests\NullReferenceBugTests.cs(6,6): error CS0246: The type or namespace name 'FactAttribute' could not be found (are you missing a using directive or an assembly reference?) [C:\Users\antep\devops-projekt\bugMachine\src\BugMachine.Tests\BugMachine.Tests.csproj]
C:\Users\antep\devops-projekt\bugMachine\src\BugMachine.Tests\NullReferenceBugTests.cs(6,6): error CS0246: The type or namespace name 'Fact' could not be found (are you missing a using directive or an assembly reference?) [C:\Users\antep\devops-projekt\bugMachine\src\BugMachine.Tests\BugMachine.Tests.csproj]
C:\Users\antep\devops-projekt\bugMachine\src\BugMachine.Tests\MinHeapTests.cs(42,6): error CS0246: The type or namespace name 'Fact' could not be found (are you missing a using directive or an assembly reference?) [C:\Users\antep\devops-projekt\bugMachine\src\BugMachine.Tests\BugMachine.Tests.csproj]
C:\Users\antep\devops-projekt\bugMachine\src\BugMachine.Tests\NullReferenceBugTests.cs(12,6): error CS0246: The type or namespace name 'FactAttribute' could not be found (are you missing a using directive or an assembly reference?) [C:\Users\antep\devops-projekt\bugMachine\src\BugMachine.Tests\BugMachine.Tests.csproj]
C:\Users\antep\devops-projekt\bugMachine\src\BugMachine.Tests\NullReferenceBugTests.cs(12,6): error CS0246: The type or namespace name 'Fact' could not be found (are you missing a using directive or an assembly reference?) [C:\Users\antep\devops-projekt\bugMachine\src\BugMachine.Tests\BugMachine.Tests.csproj]
C:\Users\antep\devops-projekt\bugMachine\src\BugMachine.Tests\LinqBugTests.cs(51,6): error CS0246: The type or namespace name 'FactAttribute' could not be found (are you missing a using directive or an assembly reference?) [C:\Users\antep\devops-projekt\bugMachine\src\BugMachine.Tests\BugMachine.Tests.csproj]
C:\Users\antep\devops-projekt\bugMachine\src\BugMachine.Tests\LinqBugTests.cs(51,6): error CS0246: The type or namespace name 'Fact' could not be found (are you missing a using directive or an assembly reference?) [C:\Users\antep\devops-projekt\bugMachine\src\BugMachine.Tests\BugMachine.Tests.csproj]
C:\Users\antep\devops-projekt\bugMachine\src\BugMachine.Tests\LinqBugTests.cs(58,6): error CS0246: The type or namespace name 'FactAttribute' could not be found (are you missing a using directive or an assembly reference?) [C:\Users\antep\devops-projekt\bugMachine\src\BugMachine.Tests\BugMachine.Tests.csproj]
C:\Users\antep\devops-projekt\bugMachine\src\BugMachine.Tests\LinqBugTests.cs(58,6): error CS0246: The type or namespace name 'Fact' could not be found (are you missing a using directive or an assembly reference?) [C:\Users\antep\devops-projekt\bugMachine\src\BugMachine.Tests\BugMachine.Tests.csproj]
C:\Users\antep\devops-projekt\bugMachine\src\BugMachine.Tests\MinHeapTests.cs(49,6): error CS0246: The type or namespace name 'FactAttribute' could not be found (are you missing a using directive or an assembly reference?) [C:\Users\antep\devops-projekt\bugMachine\src\BugMachine.Tests\BugMachine.Tests.csproj]
C:\Users\antep\devops-projekt\bugMachine\src\BugMachine.Tests\MinHeapTests.cs(49,6): error CS0246: The type or namespace name 'Fact' could not be found (are you missing a using directive or an assembly reference?) [C:\Users\antep\devops-projekt\bugMachine\src\BugMachine.Tests\BugMachine.Tests.csproj]
C:\Users\antep\devops-projekt\bugMachine\src\BugMachine.Tests\QueueTests.cs(6,6): error CS0246: The type or namespace name 'FactAttribute' could not be found (are you missing a using directive or an assembly reference?) [C:\Users\antep\devops-projekt\bugMachine\src\BugMachine.Tests\BugMachine.Tests.csproj]
C:\Users\antep\devops-projekt\bugMachine\src\BugMachine.Tests\QueueTests.cs(6,6): error CS0246: The type or namespace name 'Fact' could not be found (are you missing a using directive or an assembly reference?) [C:\Users\antep\devops-projekt\bugMachine\src\BugMachine.Tests\BugMachine.Tests.csproj]
C:\Users\antep\devops-projekt\bugMachine\src\BugMachine.Tests\MinHeapTests.cs(58,6): error CS0246: The type or namespace name 'FactAttribute' could not be found (are you missing a using directive or an assembly reference?) [C:\Users\antep\devops-projekt\bugMachine\src\BugMachine.Tests\BugMachine.Tests.csproj]
C:\Users\antep\devops-projekt\bugMachine\src\BugMachine.Tests\MinHeapTests.cs(58,6): error CS0246: The type or namespace name 'Fact' could not be found (are you missing a using directive or an assembly reference?) [C:\Users\antep\devops-projekt\bugMachine\src\BugMachine.Tests\BugMachine.Tests.csproj]
C:\Users\antep\devops-projekt\bugMachine\src\BugMachine.Tests\QueueTests.cs(19,6): error CS0246: The type or namespace name 'FactAttribute' could not be found (are you missing a using directive or an assembly reference?) [C:\Users\antep\devops-projekt\bugMachine\src\BugMachine.Tests\BugMachine.Tests.csproj]
C:\Users\antep\devops-projekt\bugMachine\src\BugMachine.Tests\QueueTests.cs(19,6): error CS0246: The type or namespace name 'Fact' could not be found (are you missing a using directive or an assembly reference?) [C:\Users\antep\devops-projekt\bugMachine\src\BugMachine.Tests\BugMachine.Tests.csproj]
C:\Users\antep\devops-projekt\bugMachine\src\BugMachine.Tests\QuickSortTests.cs(6,6): error CS0246: The type or namespace name 'FactAttribute' could not be found (are you missing a using directive or an assembly reference?) [C:\Users\antep\devops-projekt\bugMachine\src\BugMachine.Tests\BugMachine.Tests.csproj]
C:\Users\antep\devops-projekt\bugMachine\src\BugMachine.Tests\QuickSortTests.cs(6,6): error CS0246: The type or namespace name 'Fact' could not be found (are you missing a using directive or an assembly reference?) [C:\Users\antep\devops-projekt\bugMachine\src\BugMachine.Tests\BugMachine.Tests.csproj]
C:\Users\antep\devops-projekt\bugMachine\src\BugMachine.Tests\MinHeapTests.cs(69,6): error CS0246: The type or namespace name 'FactAttribute' could not be found (are you missing a using directive or an assembly reference?) [C:\Users\antep\devops-projekt\bugMachine\src\BugMachine.Tests\BugMachine.Tests.csproj]
C:\Users\antep\devops-projekt\bugMachine\src\BugMachine.Tests\MinHeapTests.cs(69,6): error CS0246: The type or namespace name 'Fact' could not be found (are you missing a using directive or an assembly reference?) [C:\Users\antep\devops-projekt\bugMachine\src\BugMachine.Tests\BugMachine.Tests.csproj]
C:\Users\antep\devops-projekt\bugMachine\src\BugMachine.Tests\QueueTests.cs(26,6): error CS0246: The type or namespace name 'FactAttribute' could not be found (are you missing a using directive or an assembly reference?) [C:\Users\antep\devops-projekt\bugMachine\src\BugMachine.Tests\BugMachine.Tests.csproj]
C:\Users\antep\devops-projekt\bugMachine\src\BugMachine.Tests\QueueTests.cs(26,6): error CS0246: The type or namespace name 'Fact' could not be found (are you missing a using directive or an assembly reference?) [C:\Users\antep\devops-projekt\bugMachine\src\BugMachine.Tests\BugMachine.Tests.csproj]
C:\Users\antep\devops-projekt\bugMachine\src\BugMachine.Tests\QuickSortTests.cs(14,6): error CS0246: The type or namespace name 'FactAttribute' could not be found (are you missing a using directive or an assembly reference?) [C:\Users\antep\devops-projekt\bugMachine\src\BugMachine.Tests\BugMachine.Tests.csproj]
C:\Users\antep\devops-projekt\bugMachine\src\BugMachine.Tests\QuickSortTests.cs(14,6): error CS0246: The type or namespace name 'Fact' could not be found (are you missing a using directive or an assembly reference?) [C:\Users\antep\devops-projekt\bugMachine\src\BugMachine.Tests\BugMachine.Tests.csproj]
C:\Users\antep\devops-projekt\bugMachine\src\BugMachine.Tests\MinHeapTests.cs(82,6): error CS0246: The type or namespace name 'FactAttribute' could not be found (are you missing a using directive or an assembly reference?) [C:\Users\antep\devops-projekt\bugMachine\src\BugMachine.Tests\BugMachine.Tests.csproj]
C:\Users\antep\devops-projekt\bugMachine\src\BugMachine.Tests\MinHeapTests.cs(82,6): error CS0246: The type or namespace name 'Fact' could not be found (are you missing a using directive or an assembly reference?) [C:\Users\antep\devops-projekt\bugMachine\src\BugMachine.Tests\BugMachine.Tests.csproj]
C:\Users\antep\devops-projekt\bugMachine\src\BugMachine.Tests\NullReferenceBugTests.cs(20,6): error CS0246: The type or namespace name 'FactAttribute' could not be found (are you missing a using directive or an assembly reference?) [C:\Users\antep\devops-projekt\bugMachine\src\BugMachine.Tests\BugMachine.Tests.csproj]
C:\Users\antep\devops-projekt\bugMachine\src\BugMachine.Tests\NullReferenceBugTests.cs(20,6): error CS0246: The type or namespace name 'Fact' could not be found (are you missing a using directive or an assembly reference?) [C:\Users\antep\devops-projekt\bugMachine\src\BugMachine.Tests\BugMachine.Tests.csproj]
C:\Users\antep\devops-projekt\bugMachine\src\BugMachine.Tests\QuickSortTests.cs(22,6): error CS0246: The type or namespace name 'FactAttribute' could not be found (are you missing a using directive or an assembly reference?) [C:\Users\antep\devops-projekt\bugMachine\src\BugMachine.Tests\BugMachine.Tests.csproj]
C:\Users\antep\devops-projekt\bugMachine\src\BugMachine.Tests\QuickSortTests.cs(22,6): error CS0246: The type or namespace name 'Fact' could not be found (are you missing a using directive or an assembly reference?) [C:\Users\antep\devops-projekt\bugMachine\src\BugMachine.Tests\BugMachine.Tests.csproj]
C:\Users\antep\devops-projekt\bugMachine\src\BugMachine.Tests\NullReferenceBugTests.cs(26,6): error CS0246: The type or namespace name 'FactAttribute' could not be found (are you missing a using directive or an assembly reference?) [C:\Users\antep\devops-projekt\bugMachine\src\BugMachine.Tests\BugMachine.Tests.csproj]
C:\Users\antep\devops-projekt\bugMachine\src\BugMachine.Tests\NullReferenceBugTests.cs(26,6): error CS0246: The type or namespace name 'Fact' could not be found (are you missing a using directive or an assembly reference?) [C:\Users\antep\devops-projekt\bugMachine\src\BugMachine.Tests\BugMachine.Tests.csproj]
C:\Users\antep\devops-projekt\bugMachine\src\BugMachine.Tests\NullReferenceBugTests.cs(32,6): error CS0246: The type or namespace name 'FactAttribute' could not be found (are you missing a using directive or an assembly reference?) [C:\Users\antep\devops-projekt\bugMachine\src\BugMachine.Tests\BugMachine.Tests.csproj]
C:\Users\antep\devops-projekt\bugMachine\src\BugMachine.Tests\NullReferenceBugTests.cs(32,6): error CS0246: The type or namespace name 'Fact' could not be found (are you missing a using directive or an assembly reference?) [C:\Users\antep\devops-projekt\bugMachine\src\BugMachine.Tests\BugMachine.Tests.csproj]
C:\Users\antep\devops-projekt\bugMachine\src\BugMachine.Tests\NullReferenceBugTests.cs(39,6): error CS0246: The type or namespace name 'FactAttribute' could not be found (are you missing a using directive or an assembly reference?) [C:\Users\antep\devops-projekt\bugMachine\src\BugMachine.Tests\BugMachine.Tests.csproj]
C:\Users\antep\devops-projekt\bugMachine\src\BugMachine.Tests\NullReferenceBugTests.cs(39,6): error CS0246: The type or namespace name 'Fact' could not be found (are you missing a using directive or an assembly reference?) [C:\Users\antep\devops-projekt\bugMachine\src\BugMachine.Tests\BugMachine.Tests.csproj]
C:\Users\antep\devops-projekt\bugMachine\src\BugMachine.Tests\QueueTests.cs(37,6): error CS0246: The type or namespace name 'FactAttribute' could not be found (are you missing a using directive or an assembly reference?) [C:\Users\antep\devops-projekt\bugMachine\src\BugMachine.Tests\BugMachine.Tests.csproj]
C:\Users\antep\devops-projekt\bugMachine\src\BugMachine.Tests\QueueTests.cs(37,6): error CS0246: The type or namespace name 'Fact' could not be found (are you missing a using directive or an assembly reference?) [C:\Users\antep\devops-projekt\bugMachine\src\BugMachine.Tests\BugMachine.Tests.csproj]
C:\Users\antep\devops-projekt\bugMachine\src\BugMachine.Tests\QuickSortTests.cs(30,6): error CS0246: The type or namespace name 'FactAttribute' could not be found (are you missing a using directive or an assembly reference?) [C:\Users\antep\devops-projekt\bugMachine\src\BugMachine.Tests\BugMachine.Tests.csproj]
C:\Users\antep\devops-projekt\bugMachine\src\BugMachine.Tests\QuickSortTests.cs(30,6): error CS0246: The type or namespace name 'Fact' could not be found (are you missing a using directive or an assembly reference?) [C:\Users\antep\devops-projekt\bugMachine\src\BugMachine.Tests\BugMachine.Tests.csproj]
C:\Users\antep\devops-projekt\bugMachine\src\BugMachine.Tests\QueueTests.cs(47,6): error CS0246: The type or namespace name 'FactAttribute' could not be found (are you missing a using directive or an assembly reference?) [C:\Users\antep\devops-projekt\bugMachine\src\BugMachine.Tests\BugMachine.Tests.csproj]
C:\Users\antep\devops-projekt\bugMachine\src\BugMachine.Tests\QueueTests.cs(47,6): error CS0246: The type or namespace name 'Fact' could not be found (are you missing a using directive or an assembly reference?) [C:\Users\antep\devops-projekt\bugMachine\src\BugMachine.Tests\BugMachine.Tests.csproj]
C:\Users\antep\devops-projekt\bugMachine\src\BugMachine.Tests\RecursionBugTests.cs(6,6): error CS0246: The type or namespace name 'FactAttribute' could not be found (are you missing a using directive or an assembly reference?) [C:\Users\antep\devops-projekt\bugMachine\src\BugMachine.Tests\BugMachine.Tests.csproj]
C:\Users\antep\devops-projekt\bugMachine\src\BugMachine.Tests\RecursionBugTests.cs(6,6): error CS0246: The type or namespace name 'Fact' could not be found (are you missing a using directive or an assembly reference?) [C:\Users\antep\devops-projekt\bugMachine\src\BugMachine.Tests\BugMachine.Tests.csproj]
C:\Users\antep\devops-projekt\bugMachine\src\BugMachine.Tests\QueueTests.cs(57,6): error CS0246: The type or namespace name 'FactAttribute' could not be found (are you missing a using directive or an assembly reference?) [C:\Users\antep\devops-projekt\bugMachine\src\BugMachine.Tests\BugMachine.Tests.csproj]
C:\Users\antep\devops-projekt\bugMachine\src\BugMachine.Tests\QueueTests.cs(57,6): error CS0246: The type or namespace name 'Fact' could not be found (are you missing a using directive or an assembly reference?) [C:\Users\antep\devops-projekt\bugMachine\src\BugMachine.Tests\BugMachine.Tests.csproj]
C:\Users\antep\devops-projekt\bugMachine\src\BugMachine.Tests\BinarySearchTests.cs(20,6): error CS0246: The type or namespace name 'FactAttribute' could not be found (are you missing a using directive or an assembly reference?) [C:\Users\antep\devops-projekt\bugMachine\src\BugMachine.Tests\BugMachine.Tests.csproj]
C:\Users\antep\devops-projekt\bugMachine\src\BugMachine.Tests\BinarySearchTests.cs(20,6): error CS0246: The type or namespace name 'Fact' could not be found (are you missing a using directive or an assembly reference?) [C:\Users\antep\devops-projekt\bugMachine\src\BugMachine.Tests\BugMachine.Tests.csproj]
C:\Users\antep\devops-projekt\bugMachine\src\BugMachine.Tests\RecursionBugTests.cs(12,6): error CS0246: The type or namespace name 'FactAttribute' could not be found (are you missing a using directive or an assembly reference?) [C:\Users\antep\devops-projekt\bugMachine\src\BugMachine.Tests\BugMachine.Tests.csproj]
C:\Users\antep\devops-projekt\bugMachine\src\BugMachine.Tests\RecursionBugTests.cs(12,6): error CS0246: The type or namespace name 'Fact' could not be found (are you missing a using directive or an assembly reference?) [C:\Users\antep\devops-projekt\bugMachine\src\BugMachine.Tests\BugMachine.Tests.csproj]
C:\Users\antep\devops-projekt\bugMachine\src\BugMachine.Tests\QueueTests.cs(64,6): error CS0246: The type or namespace name 'FactAttribute' could not be found (are you missing a using directive or an assembly reference?) [C:\Users\antep\devops-projekt\bugMachine\src\BugMachine.Tests\BugMachine.Tests.csproj]
C:\Users\antep\devops-projekt\bugMachine\src\BugMachine.Tests\QueueTests.cs(64,6): error CS0246: The type or namespace name 'Fact' could not be found (are you missing a using directive or an assembly reference?) [C:\Users\antep\devops-projekt\bugMachine\src\BugMachine.Tests\BugMachine.Tests.csproj]
C:\Users\antep\devops-projekt\bugMachine\src\BugMachine.Tests\BinarySearchTests.cs(27,6): error CS0246: The type or namespace name 'FactAttribute' could not be found (are you missing a using directive or an assembly reference?) [C:\Users\antep\devops-projekt\bugMachine\src\BugMachine.Tests\BugMachine.Tests.csproj]
C:\Users\antep\devops-projekt\bugMachine\src\BugMachine.Tests\BinarySearchTests.cs(27,6): error CS0246: The type or namespace name 'Fact' could not be found (are you missing a using directive or an assembly reference?) [C:\Users\antep\devops-projekt\bugMachine\src\BugMachine.Tests\BugMachine.Tests.csproj]
C:\Users\antep\devops-projekt\bugMachine\src\BugMachine.Tests\RecursionBugTests.cs(18,6): error CS0246: The type or namespace name 'FactAttribute' could not be found (are you missing a using directive or an assembly reference?) [C:\Users\antep\devops-projekt\bugMachine\src\BugMachine.Tests\BugMachine.Tests.csproj]
C:\Users\antep\devops-projekt\bugMachine\src\BugMachine.Tests\RecursionBugTests.cs(18,6): error CS0246: The type or namespace name 'Fact' could not be found (are you missing a using directive or an assembly reference?) [C:\Users\antep\devops-projekt\bugMachine\src\BugMachine.Tests\BugMachine.Tests.csproj]
C:\Users\antep\devops-projekt\bugMachine\src\BugMachine.Tests\StackTests.cs(6,6): error CS0246: The type or namespace name 'FactAttribute' could not be found (are you missing a using directive or an assembly reference?) [C:\Users\antep\devops-projekt\bugMachine\src\BugMachine.Tests\BugMachine.Tests.csproj]
C:\Users\antep\devops-projekt\bugMachine\src\BugMachine.Tests\StackTests.cs(6,6): error CS0246: The type or namespace name 'Fact' could not be found (are you missing a using directive or an assembly reference?) [C:\Users\antep\devops-projekt\bugMachine\src\BugMachine.Tests\BugMachine.Tests.csproj]
C:\Users\antep\devops-projekt\bugMachine\src\BugMachine.Tests\RecursionBugTests.cs(29,6): error CS0246: The type or namespace name 'FactAttribute' could not be found (are you missing a using directive or an assembly reference?) [C:\Users\antep\devops-projekt\bugMachine\src\BugMachine.Tests\BugMachine.Tests.csproj]
C:\Users\antep\devops-projekt\bugMachine\src\BugMachine.Tests\RecursionBugTests.cs(29,6): error CS0246: The type or namespace name 'Fact' could not be found (are you missing a using directive or an assembly reference?) [C:\Users\antep\devops-projekt\bugMachine\src\BugMachine.Tests\BugMachine.Tests.csproj]
C:\Users\antep\devops-projekt\bugMachine\src\BugMachine.Tests\StackTests.cs(19,6): error CS0246: The type or namespace name 'FactAttribute' could not be found (are you missing a using directive or an assembly reference?) [C:\Users\antep\devops-projekt\bugMachine\src\BugMachine.Tests\BugMachine.Tests.csproj]
C:\Users\antep\devops-projekt\bugMachine\src\BugMachine.Tests\StackTests.cs(19,6): error CS0246: The type or namespace name 'Fact' could not be found (are you missing a using directive or an assembly reference?) [C:\Users\antep\devops-projekt\bugMachine\src\BugMachine.Tests\BugMachine.Tests.csproj]
C:\Users\antep\devops-projekt\bugMachine\src\BugMachine.Tests\BinarySearchTests.cs(34,6): error CS0246: The type or namespace name 'FactAttribute' could not be found (are you missing a using directive or an assembly reference?) [C:\Users\antep\devops-projekt\bugMachine\src\BugMachine.Tests\BugMachine.Tests.csproj]
C:\Users\antep\devops-projekt\bugMachine\src\BugMachine.Tests\BinarySearchTests.cs(34,6): error CS0246: The type or namespace name 'Fact' could not be found (are you missing a using directive or an assembly reference?) [C:\Users\antep\devops-projekt\bugMachine\src\BugMachine.Tests\BugMachine.Tests.csproj]
C:\Users\antep\devops-projekt\bugMachine\src\BugMachine.Tests\RecursionBugTests.cs(35,6): error CS0246: The type or namespace name 'FactAttribute' could not be found (are you missing a using directive or an assembly reference?) [C:\Users\antep\devops-projekt\bugMachine\src\BugMachine.Tests\BugMachine.Tests.csproj]
C:\Users\antep\devops-projekt\bugMachine\src\BugMachine.Tests\RecursionBugTests.cs(35,6): error CS0246: The type or namespace name 'Fact' could not be found (are you missing a using directive or an assembly reference?) [C:\Users\antep\devops-projekt\bugMachine\src\BugMachine.Tests\BugMachine.Tests.csproj]
C:\Users\antep\devops-projekt\bugMachine\src\BugMachine.Tests\NullReferenceBugTests.cs(45,6): error CS0246: The type or namespace name 'FactAttribute' could not be found (are you missing a using directive or an assembly reference?) [C:\Users\antep\devops-projekt\bugMachine\src\BugMachine.Tests\BugMachine.Tests.csproj]
C:\Users\antep\devops-projekt\bugMachine\src\BugMachine.Tests\NullReferenceBugTests.cs(45,6): error CS0246: The type or namespace name 'Fact' could not be found (are you missing a using directive or an assembly reference?) [C:\Users\antep\devops-projekt\bugMachine\src\BugMachine.Tests\BugMachine.Tests.csproj]
C:\Users\antep\devops-projekt\bugMachine\src\BugMachine.Tests\RecursionBugTests.cs(41,6): error CS0246: The type or namespace name 'FactAttribute' could not be found (are you missing a using directive or an assembly reference?) [C:\Users\antep\devops-projekt\bugMachine\src\BugMachine.Tests\BugMachine.Tests.csproj]
C:\Users\antep\devops-projekt\bugMachine\src\BugMachine.Tests\RecursionBugTests.cs(41,6): error CS0246: The type or namespace name 'Fact' could not be found (are you missing a using directive or an assembly reference?) [C:\Users\antep\devops-projekt\bugMachine\src\BugMachine.Tests\BugMachine.Tests.csproj]
C:\Users\antep\devops-projekt\bugMachine\src\BugMachine.Tests\NullReferenceBugTests.cs(51,6): error CS0246: The type or namespace name 'FactAttribute' could not be found (are you missing a using directive or an assembly reference?) [C:\Users\antep\devops-projekt\bugMachine\src\BugMachine.Tests\BugMachine.Tests.csproj]
C:\Users\antep\devops-projekt\bugMachine\src\BugMachine.Tests\NullReferenceBugTests.cs(51,6): error CS0246: The type or namespace name 'Fact' could not be found (are you missing a using directive or an assembly reference?) [C:\Users\antep\devops-projekt\bugMachine\src\BugMachine.Tests\BugMachine.Tests.csproj]
C:\Users\antep\devops-projekt\bugMachine\src\BugMachine.Tests\BinarySearchTests.cs(41,6): error CS0246: The type or namespace name 'FactAttribute' could not be found (are you missing a using directive or an assembly reference?) [C:\Users\antep\devops-projekt\bugMachine\src\BugMachine.Tests\BugMachine.Tests.csproj]
C:\Users\antep\devops-projekt\bugMachine\src\BugMachine.Tests\BinarySearchTests.cs(41,6): error CS0246: The type or namespace name 'Fact' could not be found (are you missing a using directive or an assembly reference?) [C:\Users\antep\devops-projekt\bugMachine\src\BugMachine.Tests\BugMachine.Tests.csproj]
C:\Users\antep\devops-projekt\bugMachine\src\BugMachine.Tests\RecursionBugTests.cs(47,6): error CS0246: The type or namespace name 'FactAttribute' could not be found (are you missing a using directive or an assembly reference?) [C:\Users\antep\devops-projekt\bugMachine\src\BugMachine.Tests\BugMachine.Tests.csproj]
C:\Users\antep\devops-projekt\bugMachine\src\BugMachine.Tests\RecursionBugTests.cs(47,6): error CS0246: The type or namespace name 'Fact' could not be found (are you missing a using directive or an assembly reference?) [C:\Users\antep\devops-projekt\bugMachine\src\BugMachine.Tests\BugMachine.Tests.csproj]
C:\Users\antep\devops-projekt\bugMachine\src\BugMachine.Tests\NullReferenceBugTests.cs(57,6): error CS0246: The type or namespace name 'FactAttribute' could not be found (are you missing a using directive or an assembly reference?) [C:\Users\antep\devops-projekt\bugMachine\src\BugMachine.Tests\BugMachine.Tests.csproj]
C:\Users\antep\devops-projekt\bugMachine\src\BugMachine.Tests\NullReferenceBugTests.cs(57,6): error CS0246: The type or namespace name 'Fact' could not be found (are you missing a using directive or an assembly reference?) [C:\Users\antep\devops-projekt\bugMachine\src\BugMachine.Tests\BugMachine.Tests.csproj]
C:\Users\antep\devops-projekt\bugMachine\src\BugMachine.Tests\BinarySearchTests.cs(48,6): error CS0246: The type or namespace name 'FactAttribute' could not be found (are you missing a using directive or an assembly reference?) [C:\Users\antep\devops-projekt\bugMachine\src\BugMachine.Tests\BugMachine.Tests.csproj]
C:\Users\antep\devops-projekt\bugMachine\src\BugMachine.Tests\BinarySearchTests.cs(48,6): error CS0246: The type or namespace name 'Fact' could not be found (are you missing a using directive or an assembly reference?) [C:\Users\antep\devops-projekt\bugMachine\src\BugMachine.Tests\BugMachine.Tests.csproj]
C:\Users\antep\devops-projekt\bugMachine\src\BugMachine.Tests\NullReferenceBugTests.cs(63,6): error CS0246: The type or namespace name 'FactAttribute' could not be found (are you missing a using directive or an assembly reference?) [C:\Users\antep\devops-projekt\bugMachine\src\BugMachine.Tests\BugMachine.Tests.csproj]
C:\Users\antep\devops-projekt\bugMachine\src\BugMachine.Tests\NullReferenceBugTests.cs(63,6): error CS0246: The type or namespace name 'Fact' could not be found (are you missing a using directive or an assembly reference?) [C:\Users\antep\devops-projekt\bugMachine\src\BugMachine.Tests\BugMachine.Tests.csproj]
C:\Users\antep\devops-projekt\bugMachine\src\BugMachine.Tests\BinarySearchTests.cs(55,6): error CS0246: The type or namespace name 'FactAttribute' could not be found (are you missing a using directive or an assembly reference?) [C:\Users\antep\devops-projekt\bugMachine\src\BugMachine.Tests\BugMachine.Tests.csproj]
C:\Users\antep\devops-projekt\bugMachine\src\BugMachine.Tests\BinarySearchTests.cs(55,6): error CS0246: The type or namespace name 'Fact' could not be found (are you missing a using directive or an assembly reference?) [C:\Users\antep\devops-projekt\bugMachine\src\BugMachine.Tests\BugMachine.Tests.csproj]
C:\Users\antep\devops-projekt\bugMachine\src\BugMachine.Tests\StringReverseBugTests.cs(6,6): error CS0246: The type or namespace name 'FactAttribute' could not be found (are you missing a using directive or an assembly reference?) [C:\Users\antep\devops-projekt\bugMachine\src\BugMachine.Tests\BugMachine.Tests.csproj]
C:\Users\antep\devops-projekt\bugMachine\src\BugMachine.Tests\StringReverseBugTests.cs(6,6): error CS0246: The type or namespace name 'Fact' could not be found (are you missing a using directive or an assembly reference?) [C:\Users\antep\devops-projekt\bugMachine\src\BugMachine.Tests\BugMachine.Tests.csproj]
C:\Users\antep\devops-projekt\bugMachine\src\BugMachine.Tests\StackTests.cs(26,6): error CS0246: The type or namespace name 'FactAttribute' could not be found (are you missing a using directive or an assembly reference?) [C:\Users\antep\devops-projekt\bugMachine\src\BugMachine.Tests\BugMachine.Tests.csproj]
C:\Users\antep\devops-projekt\bugMachine\src\BugMachine.Tests\StackTests.cs(26,6): error CS0246: The type or namespace name 'Fact' could not be found (are you missing a using directive or an assembly reference?) [C:\Users\antep\devops-projekt\bugMachine\src\BugMachine.Tests\BugMachine.Tests.csproj]
C:\Users\antep\devops-projekt\bugMachine\src\BugMachine.Tests\StackTests.cs(37,6): error CS0246: The type or namespace name 'FactAttribute' could not be found (are you missing a using directive or an assembly reference?) [C:\Users\antep\devops-projekt\bugMachine\src\BugMachine.Tests\BugMachine.Tests.csproj]
C:\Users\antep\devops-projekt\bugMachine\src\BugMachine.Tests\StackTests.cs(37,6): error CS0246: The type or namespace name 'Fact' could not be found (are you missing a using directive or an assembly reference?) [C:\Users\antep\devops-projekt\bugMachine\src\BugMachine.Tests\BugMachine.Tests.csproj]
C:\Users\antep\devops-projekt\bugMachine\src\BugMachine.Tests\RecursionBugTests.cs(53,6): error CS0246: The type or namespace name 'FactAttribute' could not be found (are you missing a using directive or an assembly reference?) [C:\Users\antep\devops-projekt\bugMachine\src\BugMachine.Tests\BugMachine.Tests.csproj]
C:\Users\antep\devops-projekt\bugMachine\src\BugMachine.Tests\RecursionBugTests.cs(53,6): error CS0246: The type or namespace name 'Fact' could not be found (are you missing a using directive or an assembly reference?) [C:\Users\antep\devops-projekt\bugMachine\src\BugMachine.Tests\BugMachine.Tests.csproj]
C:\Users\antep\devops-projekt\bugMachine\src\BugMachine.Tests\StackTests.cs(47,6): error CS0246: The type or namespace name 'FactAttribute' could not be found (are you missing a using directive or an assembly reference?) [C:\Users\antep\devops-projekt\bugMachine\src\BugMachine.Tests\BugMachine.Tests.csproj]
C:\Users\antep\devops-projekt\bugMachine\src\BugMachine.Tests\StackTests.cs(47,6): error CS0246: The type or namespace name 'Fact' could not be found (are you missing a using directive or an assembly reference?) [C:\Users\antep\devops-projekt\bugMachine\src\BugMachine.Tests\BugMachine.Tests.csproj]
C:\Users\antep\devops-projekt\bugMachine\src\BugMachine.Tests\RecursionBugTests.cs(62,6): error CS0246: The type or namespace name 'FactAttribute' could not be found (are you missing a using directive or an assembly reference?) [C:\Users\antep\devops-projekt\bugMachine\src\BugMachine.Tests\BugMachine.Tests.csproj]
C:\Users\antep\devops-projekt\bugMachine\src\BugMachine.Tests\RecursionBugTests.cs(62,6): error CS0246: The type or namespace name 'Fact' could not be found (are you missing a using directive or an assembly reference?) [C:\Users\antep\devops-projekt\bugMachine\src\BugMachine.Tests\BugMachine.Tests.csproj]
C:\Users\antep\devops-projekt\bugMachine\src\BugMachine.Tests\StackTests.cs(57,6): error CS0246: The type or namespace name 'FactAttribute' could not be found (are you missing a using directive or an assembly reference?) [C:\Users\antep\devops-projekt\bugMachine\src\BugMachine.Tests\BugMachine.Tests.csproj]
C:\Users\antep\devops-projekt\bugMachine\src\BugMachine.Tests\StackTests.cs(57,6): error CS0246: The type or namespace name 'Fact' could not be found (are you missing a using directive or an assembly reference?) [C:\Users\antep\devops-projekt\bugMachine\src\BugMachine.Tests\BugMachine.Tests.csproj]
C:\Users\antep\devops-projekt\bugMachine\src\BugMachine.Tests\StackTests.cs(64,6): error CS0246: The type or namespace name 'FactAttribute' could not be found (are you missing a using directive or an assembly reference?) [C:\Users\antep\devops-projekt\bugMachine\src\BugMachine.Tests\BugMachine.Tests.csproj]
C:\Users\antep\devops-projekt\bugMachine\src\BugMachine.Tests\StackTests.cs(64,6): error CS0246: The type or namespace name 'Fact' could not be found (are you missing a using directive or an assembly reference?) [C:\Users\antep\devops-projekt\bugMachine\src\BugMachine.Tests\BugMachine.Tests.csproj]
C:\Users\antep\devops-projekt\bugMachine\src\BugMachine.Tests\StringReverseBugTests.cs(12,6): error CS0246: The type or namespace name 'FactAttribute' could not be found (are you missing a using directive or an assembly reference?) [C:\Users\antep\devops-projekt\bugMachine\src\BugMachine.Tests\BugMachine.Tests.csproj]
C:\Users\antep\devops-projekt\bugMachine\src\BugMachine.Tests\StringReverseBugTests.cs(12,6): error CS0246: The type or namespace name 'Fact' could not be found (are you missing a using directive or an assembly reference?) [C:\Users\antep\devops-projekt\bugMachine\src\BugMachine.Tests\BugMachine.Tests.csproj]
C:\Users\antep\devops-projekt\bugMachine\src\BugMachine.Tests\StringReverseBugTests.cs(18,6): error CS0246: The type or namespace name 'FactAttribute' could not be found (are you missing a using directive or an assembly reference?) [C:\Users\antep\devops-projekt\bugMachine\src\BugMachine.Tests\BugMachine.Tests.csproj]
C:\Users\antep\devops-projekt\bugMachine\src\BugMachine.Tests\StringReverseBugTests.cs(18,6): error CS0246: The type or namespace name 'Fact' could not be found (are you missing a using directive or an assembly reference?) [C:\Users\antep\devops-projekt\bugMachine\src\BugMachine.Tests\BugMachine.Tests.csproj]
C:\Users\antep\devops-projekt\bugMachine\src\BugMachine.Tests\StringReverseBugTests.cs(24,6): error CS0246: The type or namespace name 'FactAttribute' could not be found (are you missing a using directive or an assembly reference?) [C:\Users\antep\devops-projekt\bugMachine\src\BugMachine.Tests\BugMachine.Tests.csproj]
C:\Users\antep\devops-projekt\bugMachine\src\BugMachine.Tests\StringReverseBugTests.cs(24,6): error CS0246: The type or namespace name 'Fact' could not be found (are you missing a using directive or an assembly reference?) [C:\Users\antep\devops-projekt\bugMachine\src\BugMachine.Tests\BugMachine.Tests.csproj]
C:\Users\antep\devops-projekt\bugMachine\src\BugMachine.Tests\StringReverseBugTests.cs(30,6): error CS0246: The type or namespace name 'FactAttribute' could not be found (are you missing a using directive or an assembly reference?) [C:\Users\antep\devops-projekt\bugMachine\src\BugMachine.Tests\BugMachine.Tests.csproj]
C:\Users\antep\devops-projekt\bugMachine\src\BugMachine.Tests\StringReverseBugTests.cs(30,6): error CS0246: The type or namespace name 'Fact' could not be found (are you missing a using directive or an assembly reference?) [C:\Users\antep\devops-projekt\bugMachine\src\BugMachine.Tests\BugMachine.Tests.csproj]
C:\Users\antep\devops-projekt\bugMachine\src\BugMachine.Tests\StringReverseBugTests.cs(36,6): error CS0246: The type or namespace name 'FactAttribute' could not be found (are you missing a using directive or an assembly reference?) [C:\Users\antep\devops-projekt\bugMachine\src\BugMachine.Tests\BugMachine.Tests.csproj]
C:\Users\antep\devops-projekt\bugMachine\src\BugMachine.Tests\StringReverseBugTests.cs(36,6): error CS0246: The type or namespace name 'Fact' could not be found (are you missing a using directive or an assembly reference?) [C:\Users\antep\devops-projekt\bugMachine\src\BugMachine.Tests\BugMachine.Tests.csproj]
C:\Users\antep\devops-projekt\bugMachine\src\BugMachine.Tests\StringReverseBugTests.cs(42,6): error CS0246: The type or namespace name 'FactAttribute' could not be found (are you missing a using directive or an assembly reference?) [C:\Users\antep\devops-projekt\bugMachine\src\BugMachine.Tests\BugMachine.Tests.csproj]
C:\Users\antep\devops-projekt\bugMachine\src\BugMachine.Tests\StringReverseBugTests.cs(42,6): error CS0246: The type or namespace name 'Fact' could not be found (are you missing a using directive or an assembly reference?) [C:\Users\antep\devops-projekt\bugMachine\src\BugMachine.Tests\BugMachine.Tests.csproj]
C:\Users\antep\devops-projekt\bugMachine\src\BugMachine.Tests\QuickSortTests.cs(38,6): error CS0246: The type or namespace name 'FactAttribute' could not be found (are you missing a using directive or an assembly reference?) [C:\Users\antep\devops-projekt\bugMachine\src\BugMachine.Tests\BugMachine.Tests.csproj]
C:\Users\antep\devops-projekt\bugMachine\src\BugMachine.Tests\QuickSortTests.cs(38,6): error CS0246: The type or namespace name 'Fact' could not be found (are you missing a using directive or an assembly reference?) [C:\Users\antep\devops-projekt\bugMachine\src\BugMachine.Tests\BugMachine.Tests.csproj]
C:\Users\antep\devops-projekt\bugMachine\src\BugMachine.Tests\QuickSortTests.cs(46,6): error CS0246: The type or namespace name 'FactAttribute' could not be found (are you missing a using directive or an assembly reference?) [C:\Users\antep\devops-projekt\bugMachine\src\BugMachine.Tests\BugMachine.Tests.csproj]
C:\Users\antep\devops-projekt\bugMachine\src\BugMachine.Tests\QuickSortTests.cs(46,6): error CS0246: The type or namespace name 'Fact' could not be found (are you missing a using directive or an assembly reference?) [C:\Users\antep\devops-projekt\bugMachine\src\BugMachine.Tests\BugMachine.Tests.csproj]
C:\Users\antep\devops-projekt\bugMachine\src\BugMachine.Tests\TreeTraversalTests.cs(13,6): error CS0246: The type or namespace name 'FactAttribute' could not be found (are you missing a using directive or an assembly reference?) [C:\Users\antep\devops-projekt\bugMachine\src\BugMachine.Tests\BugMachine.Tests.csproj]
C:\Users\antep\devops-projekt\bugMachine\src\BugMachine.Tests\TreeTraversalTests.cs(13,6): error CS0246: The type or namespace name 'Fact' could not be found (are you missing a using directive or an assembly reference?) [C:\Users\antep\devops-projekt\bugMachine\src\BugMachine.Tests\BugMachine.Tests.csproj]
C:\Users\antep\devops-projekt\bugMachine\src\BugMachine.Tests\TreeTraversalTests.cs(22,6): error CS0246: The type or namespace name 'FactAttribute' could not be found (are you missing a using directive or an assembly reference?) [C:\Users\antep\devops-projekt\bugMachine\src\BugMachine.Tests\BugMachine.Tests.csproj]
C:\Users\antep\devops-projekt\bugMachine\src\BugMachine.Tests\TreeTraversalTests.cs(22,6): error CS0246: The type or namespace name 'Fact' could not be found (are you missing a using directive or an assembly reference?) [C:\Users\antep\devops-projekt\bugMachine\src\BugMachine.Tests\BugMachine.Tests.csproj]
C:\Users\antep\devops-projekt\bugMachine\src\BugMachine.Tests\TreeTraversalTests.cs(29,6): error CS0246: The type or namespace name 'FactAttribute' could not be found (are you missing a using directive or an assembly reference?) [C:\Users\antep\devops-projekt\bugMachine\src\BugMachine.Tests\BugMachine.Tests.csproj]
C:\Users\antep\devops-projekt\bugMachine\src\BugMachine.Tests\TreeTraversalTests.cs(29,6): error CS0246: The type or namespace name 'Fact' could not be found (are you missing a using directive or an assembly reference?) [C:\Users\antep\devops-projekt\bugMachine\src\BugMachine.Tests\BugMachine.Tests.csproj]
C:\Users\antep\devops-projekt\bugMachine\src\BugMachine.Tests\TreeTraversalTests.cs(36,6): error CS0246: The type or namespace name 'FactAttribute' could not be found (are you missing a using directive or an assembly reference?) [C:\Users\antep\devops-projekt\bugMachine\src\BugMachine.Tests\BugMachine.Tests.csproj]
C:\Users\antep\devops-projekt\bugMachine\src\BugMachine.Tests\TreeTraversalTests.cs(36,6): error CS0246: The type or namespace name 'Fact' could not be found (are you missing a using directive or an assembly reference?) [C:\Users\antep\devops-projekt\bugMachine\src\BugMachine.Tests\BugMachine.Tests.csproj]
C:\Users\antep\devops-projekt\bugMachine\src\BugMachine.Tests\TreeTraversalTests.cs(44,6): error CS0246: The type or namespace name 'FactAttribute' could not be found (are you missing a using directive or an assembly reference?) [C:\Users\antep\devops-projekt\bugMachine\src\BugMachine.Tests\BugMachine.Tests.csproj]
C:\Users\antep\devops-projekt\bugMachine\src\BugMachine.Tests\TreeTraversalTests.cs(44,6): error CS0246: The type or namespace name 'Fact' could not be found (are you missing a using directive or an assembly reference?) [C:\Users\antep\devops-projekt\bugMachine\src\BugMachine.Tests\BugMachine.Tests.csproj]
C:\Users\antep\devops-projekt\bugMachine\src\BugMachine.Tests\TreeTraversalTests.cs(53,6): error CS0246: The type or namespace name 'FactAttribute' could not be found (are you missing a using directive or an assembly reference?) [C:\Users\antep\devops-projekt\bugMachine\src\BugMachine.Tests\BugMachine.Tests.csproj]
C:\Users\antep\devops-projekt\bugMachine\src\BugMachine.Tests\TreeTraversalTests.cs(53,6): error CS0246: The type or namespace name 'Fact' could not be found (are you missing a using directive or an assembly reference?) [C:\Users\antep\devops-projekt\bugMachine\src\BugMachine.Tests\BugMachine.Tests.csproj]
C:\Users\antep\devops-projekt\bugMachine\src\BugMachine.Tests\TreeTraversalTests.cs(60,6): error CS0246: The type or namespace name 'FactAttribute' could not be found (are you missing a using directive or an assembly reference?) [C:\Users\antep\devops-projekt\bugMachine\src\BugMachine.Tests\BugMachine.Tests.csproj]
C:\Users\antep\devops-projekt\bugMachine\src\BugMachine.Tests\TreeTraversalTests.cs(60,6): error CS0246: The type or namespace name 'Fact' could not be found (are you missing a using directive or an assembly reference?) [C:\Users\antep\devops-projekt\bugMachine\src\BugMachine.Tests\BugMachine.Tests.csproj]
    4 Warning(s)
    218 Error(s)

Time Elapsed 00:00:11.28
